stm32f1xx_it.c:74:6:Post_Processing_Buttons	40	static
stm32f1xx_it.c:96:6:HAL_GPIO_EXTI_Callback	24	static
stm32f1xx_it.c:132:6:NMI_Handler	0	static
stm32f1xx_it.c:147:6:HardFault_Handler	0	static
stm32f1xx_it.c:162:6:MemManage_Handler	0	static
stm32f1xx_it.c:177:6:BusFault_Handler	0	static
stm32f1xx_it.c:192:6:UsageFault_Handler	0	static
stm32f1xx_it.c:207:6:SVC_Handler	0	static
stm32f1xx_it.c:220:6:DebugMon_Handler	0	static
stm32f1xx_it.c:233:6:PendSV_Handler	0	static
stm32f1xx_it.c:246:6:SysTick_Handler	0	static
stm32f1xx_it.c:267:6:EXTI0_IRQHandler	8	static
stm32f1xx_it.c:283:6:EXTI1_IRQHandler	8	static
stm32f1xx_it.c:305:6:EXTI2_IRQHandler	8	static
stm32f1xx_it.c:328:6:EXTI3_IRQHandler	8	static
stm32f1xx_it.c:351:6:EXTI4_IRQHandler	8	static
stm32f1xx_it.c:375:6:DMA1_Channel5_IRQHandler	0	static
stm32f1xx_it.c:389:6:ADC1_2_IRQHandler	0	static
stm32f1xx_it.c:403:6:EXTI9_5_IRQHandler	8	static
stm32f1xx_it.c:463:6:TIM4_IRQHandler	0	static
stm32f1xx_it.c:477:6:SPI2_IRQHandler	0	static
stm32f1xx_it.c:491:6:USART3_IRQHandler	0	static
