stm32f1xx_it.cpp:74:6:void NMI_Handler()	0	static
stm32f1xx_it.cpp:87:6:void HardFault_Handler()	0	static
stm32f1xx_it.cpp:102:6:void MemManage_Handler()	0	static
stm32f1xx_it.cpp:117:6:void BusFault_Handler()	0	static
stm32f1xx_it.cpp:132:6:void UsageFault_Handler()	0	static
stm32f1xx_it.cpp:147:6:void SVC_Handler()	0	static
stm32f1xx_it.cpp:160:6:void DebugMon_Handler()	0	static
stm32f1xx_it.cpp:173:6:void PendSV_Handler()	0	static
stm32f1xx_it.cpp:186:6:void SysTick_Handler()	0	static
stm32f1xx_it.cpp:207:6:void ADC1_2_IRQHandler()	8	static
stm32f1xx_it.cpp:222:6:void TIM3_IRQHandler()	0	static
stm32f1xx_it.cpp:236:6:void USART3_IRQHandler()	0	static
