stm32f1xx_hal_msp.cpp:66:6:void HAL_MspInit()	8	static
stm32f1xx_hal_msp.cpp:92:6:void HAL_ADC_MspInit(ADC_HandleTypeDef*)	48	static
stm32f1xx_hal_msp.cpp:141:6:void HAL_ADC_MspDeInit(ADC_HandleTypeDef*)	0	static
stm32f1xx_hal_msp.cpp:199:6:void HAL_TIM_Base_MspInit(TIM_HandleTypeDef*)	16	static
stm32f1xx_hal_msp.cpp:229:6:void HAL_TIM_MspPostInit(TIM_HandleTypeDef*)	40	static
stm32f1xx_hal_msp.cpp:259:6:void HAL_TIM_Base_MspDeInit(TIM_HandleTypeDef*)	0	static
stm32f1xx_hal_msp.cpp:295:6:void HAL_UART_MspInit(UART_HandleTypeDef*)	40	static
stm32f1xx_hal_msp.cpp:337:6:void HAL_UART_MspDeInit(UART_HandleTypeDef*)	8	static
