ILI9225.c:27:6:spi_write	16	static
ILI9225.c:36:6:lcd_write_data	24	static
ILI9225.c:57:6:lcd_write_command	16	static
ILI9225.c:71:6:lcd_write_register	24	static
ILI9225.c:84:6:swap_int	24	static
ILI9225.c:93:6:swap_char	24	static
ILI9225.c:105:6:lcd_init	8	static
ILI9225.c:127:6:lcd_init_command_list	8	static
ILI9225.c:203:6:draw_pixel	24	static
ILI9225.c:216:6:fill_rectangle	56	dynamic
ILI9225.c:260:6:set_draw_window	24	static
ILI9225.c:289:6:draw_char	48	static
ILI9225.c:319:6:draw_string	32	static
ILI9225.c:354:6:draw_bitmap	24	static
