main.c:118:6:HAL_ADC_ConvCpltCallback	16	static
main.c:127:6:HAL_SPI_TxCpltCallback	16	static
main.c:139:6:HAL_UART_RxCpltCallback	16	static
main.c:155:6:HAL_TIM_PeriodElapsedCallback	16	static
main.c:171:5:main	32	static
main.c:305:6:SystemClock_Config	88	static
main.c:351:13:MX_ADC1_Init	24	static
main.c:396:13:MX_SPI2_Init	8	static
main.c:434:13:MX_TIM3_Init	32	static
main.c:479:13:MX_TIM4_Init	32	static
main.c:528:13:MX_USART3_UART_Init	8	static
main.c:559:13:MX_DMA_Init	16	static
main.c:577:13:MX_GPIO_Init	40	static
main.c:649:6:Error_Handler	4	static,ignoring_inline_asm
