main.c:120:6:HAL_ADC_ConvCpltCallback	16	static
main.c:129:6:HAL_SPI_TxCpltCallback	16	static
main.c:141:6:HAL_UART_RxCpltCallback	16	static
main.c:157:6:HAL_TIM_PeriodElapsedCallback	16	static
main.c:173:5:main	32	static
main.c:307:6:SystemClock_Config	88	static
main.c:353:13:MX_ADC1_Init	24	static
main.c:398:13:MX_SPI2_Init	8	static
main.c:436:13:MX_TIM3_Init	32	static
main.c:481:13:MX_TIM4_Init	32	static
main.c:530:13:MX_USART3_UART_Init	8	static
main.c:561:13:MX_DMA_Init	16	static
main.c:579:13:MX_GPIO_Init	40	static
main.c:651:6:Error_Handler	4	static,ignoring_inline_asm
