core_cm3.h:1600:22:__NVIC_ClearPendingIRQ	16	static
stm32f1xx_it.c:76:6:Post_Processing_Buttons	24	static
stm32f1xx_it.c:98:6:HAL_GPIO_EXTI_Callback	24	static
stm32f1xx_it.c:136:6:NMI_Handler	4	static
stm32f1xx_it.c:151:6:HardFault_Handler	4	static
stm32f1xx_it.c:166:6:MemManage_Handler	4	static
stm32f1xx_it.c:181:6:BusFault_Handler	4	static
stm32f1xx_it.c:196:6:UsageFault_Handler	4	static
stm32f1xx_it.c:211:6:SVC_Handler	4	static
stm32f1xx_it.c:224:6:DebugMon_Handler	4	static
stm32f1xx_it.c:237:6:PendSV_Handler	4	static
stm32f1xx_it.c:250:6:SysTick_Handler	8	static
stm32f1xx_it.c:271:6:EXTI0_IRQHandler	8	static
stm32f1xx_it.c:287:6:EXTI1_IRQHandler	8	static
stm32f1xx_it.c:303:6:EXTI2_IRQHandler	8	static
stm32f1xx_it.c:319:6:EXTI3_IRQHandler	8	static
stm32f1xx_it.c:335:6:EXTI4_IRQHandler	8	static
stm32f1xx_it.c:351:6:DMA1_Channel5_IRQHandler	8	static
stm32f1xx_it.c:365:6:ADC1_2_IRQHandler	8	static
stm32f1xx_it.c:379:6:EXTI9_5_IRQHandler	8	static
stm32f1xx_it.c:416:6:TIM4_IRQHandler	8	static
stm32f1xx_it.c:430:6:SPI2_IRQHandler	8	static
stm32f1xx_it.c:444:6:USART3_IRQHandler	8	static
stm32f1xx_it.c:458:6:EXTI15_10_IRQHandler	8	static
