core_cm3.h:1600:22:__NVIC_ClearPendingIRQ	16	static
stm32f1xx_it.c:75:6:Post_Processing_Buttons	24	static
stm32f1xx_it.c:97:6:HAL_GPIO_EXTI_Callback	24	static
stm32f1xx_it.c:135:6:NMI_Handler	4	static
stm32f1xx_it.c:150:6:HardFault_Handler	4	static
stm32f1xx_it.c:165:6:MemManage_Handler	4	static
stm32f1xx_it.c:180:6:BusFault_Handler	4	static
stm32f1xx_it.c:195:6:UsageFault_Handler	4	static
stm32f1xx_it.c:210:6:SVC_Handler	4	static
stm32f1xx_it.c:223:6:DebugMon_Handler	4	static
stm32f1xx_it.c:236:6:PendSV_Handler	4	static
stm32f1xx_it.c:249:6:SysTick_Handler	8	static
stm32f1xx_it.c:270:6:EXTI0_IRQHandler	8	static
stm32f1xx_it.c:286:6:EXTI1_IRQHandler	8	static
stm32f1xx_it.c:302:6:EXTI2_IRQHandler	8	static
stm32f1xx_it.c:318:6:EXTI3_IRQHandler	8	static
stm32f1xx_it.c:334:6:EXTI4_IRQHandler	8	static
stm32f1xx_it.c:350:6:DMA1_Channel5_IRQHandler	8	static
stm32f1xx_it.c:364:6:ADC1_2_IRQHandler	8	static
stm32f1xx_it.c:378:6:EXTI9_5_IRQHandler	8	static
stm32f1xx_it.c:415:6:TIM4_IRQHandler	8	static
stm32f1xx_it.c:429:6:SPI2_IRQHandler	8	static
stm32f1xx_it.c:443:6:USART3_IRQHandler	8	static
stm32f1xx_it.c:457:6:EXTI15_10_IRQHandler	8	static
