Archive member included to satisfy reference by file (symbol)

c:/st/stm32cubeide_1.6.1/stm32cubeide/plugins/com.st.stm32cube.ide.mcu.externaltools.gnu-tools-for-stm32.9-2020-q2-update.win32_1.5.0.202011040924/tools/bin/../lib/gcc/arm-none-eabi/9.3.1/../../../../arm-none-eabi/lib/thumb/v7-m/nofp\libc_nano.a(lib_a-errno.o)
                              Core/Src/syscalls.o (__errno)
c:/st/stm32cubeide_1.6.1/stm32cubeide/plugins/com.st.stm32cube.ide.mcu.externaltools.gnu-tools-for-stm32.9-2020-q2-update.win32_1.5.0.202011040924/tools/bin/../lib/gcc/arm-none-eabi/9.3.1/../../../../arm-none-eabi/lib/thumb/v7-m/nofp\libc_nano.a(lib_a-exit.o)
                              c:/st/stm32cubeide_1.6.1/stm32cubeide/plugins/com.st.stm32cube.ide.mcu.externaltools.gnu-tools-for-stm32.9-2020-q2-update.win32_1.5.0.202011040924/tools/bin/../lib/gcc/arm-none-eabi/9.3.1/../../../../arm-none-eabi/lib/thumb/v7-m/nofp/crt0.o (exit)
c:/st/stm32cubeide_1.6.1/stm32cubeide/plugins/com.st.stm32cube.ide.mcu.externaltools.gnu-tools-for-stm32.9-2020-q2-update.win32_1.5.0.202011040924/tools/bin/../lib/gcc/arm-none-eabi/9.3.1/../../../../arm-none-eabi/lib/thumb/v7-m/nofp\libc_nano.a(lib_a-impure.o)
                              c:/st/stm32cubeide_1.6.1/stm32cubeide/plugins/com.st.stm32cube.ide.mcu.externaltools.gnu-tools-for-stm32.9-2020-q2-update.win32_1.5.0.202011040924/tools/bin/../lib/gcc/arm-none-eabi/9.3.1/../../../../arm-none-eabi/lib/thumb/v7-m/nofp\libc_nano.a(lib_a-exit.o) (_global_impure_ptr)
c:/st/stm32cubeide_1.6.1/stm32cubeide/plugins/com.st.stm32cube.ide.mcu.externaltools.gnu-tools-for-stm32.9-2020-q2-update.win32_1.5.0.202011040924/tools/bin/../lib/gcc/arm-none-eabi/9.3.1/../../../../arm-none-eabi/lib/thumb/v7-m/nofp\libc_nano.a(lib_a-init.o)
                              c:/st/stm32cubeide_1.6.1/stm32cubeide/plugins/com.st.stm32cube.ide.mcu.externaltools.gnu-tools-for-stm32.9-2020-q2-update.win32_1.5.0.202011040924/tools/bin/../lib/gcc/arm-none-eabi/9.3.1/../../../../arm-none-eabi/lib/thumb/v7-m/nofp/crt0.o (__libc_init_array)
c:/st/stm32cubeide_1.6.1/stm32cubeide/plugins/com.st.stm32cube.ide.mcu.externaltools.gnu-tools-for-stm32.9-2020-q2-update.win32_1.5.0.202011040924/tools/bin/../lib/gcc/arm-none-eabi/9.3.1/../../../../arm-none-eabi/lib/thumb/v7-m/nofp\libc_nano.a(lib_a-memset.o)
                              c:/st/stm32cubeide_1.6.1/stm32cubeide/plugins/com.st.stm32cube.ide.mcu.externaltools.gnu-tools-for-stm32.9-2020-q2-update.win32_1.5.0.202011040924/tools/bin/../lib/gcc/arm-none-eabi/9.3.1/../../../../arm-none-eabi/lib/thumb/v7-m/nofp/crt0.o (memset)
c:/st/stm32cubeide_1.6.1/stm32cubeide/plugins/com.st.stm32cube.ide.mcu.externaltools.gnu-tools-for-stm32.9-2020-q2-update.win32_1.5.0.202011040924/tools/bin/../lib/gcc/arm-none-eabi/9.3.1/../../../../arm-none-eabi/lib/thumb/v7-m/nofp\libc_nano.a(lib_a-sprintf.o)
                              Core/Src/Menu.o (sprintf)
c:/st/stm32cubeide_1.6.1/stm32cubeide/plugins/com.st.stm32cube.ide.mcu.externaltools.gnu-tools-for-stm32.9-2020-q2-update.win32_1.5.0.202011040924/tools/bin/../lib/gcc/arm-none-eabi/9.3.1/../../../../arm-none-eabi/lib/thumb/v7-m/nofp\libc_nano.a(lib_a-strcat.o)
                              Core/Src/Menu.o (strcat)
c:/st/stm32cubeide_1.6.1/stm32cubeide/plugins/com.st.stm32cube.ide.mcu.externaltools.gnu-tools-for-stm32.9-2020-q2-update.win32_1.5.0.202011040924/tools/bin/../lib/gcc/arm-none-eabi/9.3.1/../../../../arm-none-eabi/lib/thumb/v7-m/nofp\libc_nano.a(lib_a-strlen.o)
                              Core/Src/Menu.o (strlen)
c:/st/stm32cubeide_1.6.1/stm32cubeide/plugins/com.st.stm32cube.ide.mcu.externaltools.gnu-tools-for-stm32.9-2020-q2-update.win32_1.5.0.202011040924/tools/bin/../lib/gcc/arm-none-eabi/9.3.1/../../../../arm-none-eabi/lib/thumb/v7-m/nofp\libc_nano.a(lib_a-nano-svfprintf.o)
                              c:/st/stm32cubeide_1.6.1/stm32cubeide/plugins/com.st.stm32cube.ide.mcu.externaltools.gnu-tools-for-stm32.9-2020-q2-update.win32_1.5.0.202011040924/tools/bin/../lib/gcc/arm-none-eabi/9.3.1/../../../../arm-none-eabi/lib/thumb/v7-m/nofp\libc_nano.a(lib_a-sprintf.o) (_svfprintf_r)
c:/st/stm32cubeide_1.6.1/stm32cubeide/plugins/com.st.stm32cube.ide.mcu.externaltools.gnu-tools-for-stm32.9-2020-q2-update.win32_1.5.0.202011040924/tools/bin/../lib/gcc/arm-none-eabi/9.3.1/../../../../arm-none-eabi/lib/thumb/v7-m/nofp\libc_nano.a(lib_a-nano-vfprintf_i.o)
                              c:/st/stm32cubeide_1.6.1/stm32cubeide/plugins/com.st.stm32cube.ide.mcu.externaltools.gnu-tools-for-stm32.9-2020-q2-update.win32_1.5.0.202011040924/tools/bin/../lib/gcc/arm-none-eabi/9.3.1/../../../../arm-none-eabi/lib/thumb/v7-m/nofp\libc_nano.a(lib_a-nano-svfprintf.o) (_printf_i)
c:/st/stm32cubeide_1.6.1/stm32cubeide/plugins/com.st.stm32cube.ide.mcu.externaltools.gnu-tools-for-stm32.9-2020-q2-update.win32_1.5.0.202011040924/tools/bin/../lib/gcc/arm-none-eabi/9.3.1/../../../../arm-none-eabi/lib/thumb/v7-m/nofp\libc_nano.a(lib_a-memchr-stub.o)
[...]
Memory Configuration

Name             Origin             Length             Attributes
RAM              0x0000000020000000 0x0000000000005000 xrw
FLASH            0x0000000008000000 0x0000000000010000 xr
*default*        0x0000000000000000 0xffffffffffffffff

Linker script and memory map

LOAD c:/st/stm32cubeide_1.6.1/stm32cubeide/plugins/com.st.stm32cube.ide.mcu.externaltools.gnu-tools-for-stm32.9-2020-q2-update.win32_1.5.0.202011040924/tools/bin/../lib/gcc/arm-none-eabi/9.3.1/thumb/v7-m/nofp/crti.o
LOAD c:/st/stm32cubeide_1.6.1/stm32cubeide/plugins/com.st.stm32cube.ide.mcu.externaltools.gnu-tools-for-stm32.9-2020-q2-update.win32_1.5.0.202011040924/tools/bin/../lib/gcc/arm-none-eabi/9.3.1/thumb/v7-m/nofp/crtbegin.o
LOAD c:/st/stm32cubeide_1.6.1/stm32cubeide/plugins/com.st.stm32cube.ide.mcu.externaltools.gnu-tools-for-stm32.9-2020-q2-update.win32_1.5.0.202011040924/tools/bin/../lib/gcc/arm-none-eabi/9.3.1/../../../../arm-none-eabi/lib/thumb/v7-m/nofp/crt0.o
LOAD Core/Src/ILI9225.o
LOAD Core/Src/Menu.o
LOAD Core/Src/fonts.o
LOAD Core/Src/main.o
LOAD Core/Src/stm32f1xx_hal_msp.o
LOAD Core/Src/stm32f1xx_it.o
LOAD Core/Src/syscalls.o
LOAD Core/Src/sysmem.o
LOAD Core/Src/system_stm32f1xx.o
LOAD Core/Startup/startup_stm32f103c8tx.o
LOAD Drivers/STM32F1xx_HAL_Driver/Src/stm32f1xx_hal.o
LOAD Drivers/STM32F1xx_HAL_Driver/Src/stm32f1xx_hal_adc.o
LOAD Drivers/STM32F1xx_HAL_Driver/Src/stm32f1xx_hal_adc_ex.o
LOAD Drivers/STM32F1xx_HAL_Driver/Src/stm32f1xx_hal_cortex.o
LOAD Drivers/STM32F1xx_HAL_Driver/Src/stm32f1xx_hal_dma.o
LOAD Drivers/STM32F1xx_HAL_Driver/Src/stm32f1xx_hal_exti.o
LOAD Drivers/STM32F1xx_HAL_Driver/Src/stm32f1xx_hal_flash.o
LOAD Drivers/STM32F1xx_HAL_Driver/Src/stm32f1xx_hal_flash_ex.o
LOAD Drivers/STM32F1xx_HAL_Driver/Src/stm32f1xx_hal_gpio.o
LOAD Drivers/STM32F1xx_HAL_Driver/Src/stm32f1xx_hal_gpio_ex.o
LOAD Drivers/STM32F1xx_HAL_Driver/Src/stm32f1xx_hal_pwr.o
LOAD Drivers/STM32F1xx_HAL_Driver/Src/stm32f1xx_hal_rcc.o
LOAD Drivers/STM32F1xx_HAL_Driver/Src/stm32f1xx_hal_rcc_ex.o
LOAD Drivers/STM32F1xx_HAL_Driver/Src/stm32f1xx_hal_spi.o
LOAD Drivers/STM32F1xx_HAL_Driver/Src/stm32f1xx_hal_tim.o
LOAD Drivers/STM32F1xx_HAL_Driver/Src/stm32f1xx_hal_tim_ex.o
LOAD Drivers/STM32F1xx_HAL_Driver/Src/stm32f1xx_hal_uart.o
START GROUP
LOAD c:/st/stm32cubeide_1.6.1/stm32cubeide/plugins/com.st.stm32cube.ide.mcu.externaltools.gnu-tools-for-stm32.9-2020-q2-update.win32_1.5.0.202011040924/tools/bin/../lib/gcc/arm-none-eabi/9.3.1/../../../../arm-none-eabi/lib/thumb/v7-m/nofp\libc_nano.a
LOAD c:/st/stm32cubeide_1.6.1/stm32cubeide/plugins/com.st.stm32cube.ide.mcu.externaltools.gnu-tools-for-stm32.9-2020-q2-update.win32_1.5.0.202011040924/tools/bin/../lib/gcc/arm-none-eabi/9.3.1/../../../../arm-none-eabi/lib/thumb/v7-m/nofp\libm.a
END GROUP
START GROUP
LOAD c:/st/stm32cubeide_1.6.1/stm32cubeide/plugins/com.st.stm32cube.ide.mcu.externaltools.gnu-tools-for-stm32.9-2020-q2-update.win32_1.5.0.202011040924/tools/bin/../lib/gcc/arm-none-eabi/9.3.1/thumb/v7-m/nofp\libgcc.a
LOAD c:/st/stm32cubeide_1.6.1/stm32cubeide/plugins/com.st.stm32cube.ide.mcu.externaltools.gnu-tools-for-stm32.9-2020-q2-update.win32_1.5.0.202011040924/tools/bin/../lib/gcc/arm-none-eabi/9.3.1/../../../../arm-none-eabi/lib/thumb/v7-m/nofp\libc_nano.a
END GROUP
START GROUP
LOAD c:/st/stm32cubeide_1.6.1/stm32cubeide/plugins/com.st.stm32cube.ide.mcu.externaltools.gnu-tools-for-stm32.9-2020-q2-update.win32_1.5.0.202011040924/tools/bin/../lib/gcc/arm-none-eabi/9.3.1/thumb/v7-m/nofp\libgcc.a
LOAD c:/st/stm32cubeide_1.6.1/stm32cubeide/plugins/com.st.stm32cube.ide.mcu.externaltools.gnu-tools-for-stm32.9-2020-q2-update.win32_1.5.0.202011040924/tools/bin/../lib/gcc/arm-none-eabi/9.3.1/../../../../arm-none-eabi/lib/thumb/v7-m/nofp\libc_nano.a
LOAD c:/st/stm32cubeide_1.6.1/stm32cubeide/plugins/com.st.stm32cube.ide.mcu.externaltools.gnu-tools-for-stm32.9-2020-q2-update.win32_1.5.0.202011040924/tools/bin/../lib/gcc/arm-none-eabi/9.3.1/../../../../arm-none-eabi/lib/thumb/v7-m/nofp\libnosys.a
END GROUP
START GROUP
LOAD c:/st/stm32cubeide_1.6.1/stm32cubeide/plugins/com.st.stm32cube.ide.mcu.externaltools.gnu-tools-for-stm32.9-2020-q2-update.win32_1.5.0.202011040924/tools/bin/../lib/gcc/arm-none-eabi/9.3.1/thumb/v7-m/nofp\libgcc.a
LOAD c:/st/stm32cubeide_1.6.1/stm32cubeide/plugins/com.st.stm32cube.ide.mcu.externaltools.gnu-tools-for-stm32.9-2020-q2-update.win32_1.5.0.202011040924/tools/bin/../lib/gcc/arm-none-eabi/9.3.1/../../../../arm-none-eabi/lib/thumb/v7-m/nofp\libc_nano.a
LOAD c:/st/stm32cubeide_1.6.1/stm32cubeide/plugins/com.st.stm32cube.ide.mcu.externaltools.gnu-tools-for-stm32.9-2020-q2-update.win32_1.5.0.202011040924/tools/bin/../lib/gcc/arm-none-eabi/9.3.1/../../../../arm-none-eabi/lib/thumb/v7-m/nofp\libnosys.a
END GROUP
LOAD c:/st/stm32cubeide_1.6.1/stm32cubeide/plugins/com.st.stm32cube.ide.mcu.externaltools.gnu-tools-for-stm32.9-2020-q2-update.win32_1.5.0.202011040924/tools/bin/../lib/gcc/arm-none-eabi/9.3.1/thumb/v7-m/nofp/crtend.o
LOAD c:/st/stm32cubeide_1.6.1/stm32cubeide/plugins/com.st.stm32cube.ide.mcu.externaltools.gnu-tools-for-stm32.9-2020-q2-update.win32_1.5.0.202011040924/tools/bin/../lib/gcc/arm-none-eabi/9.3.1/thumb/v7-m/nofp/crtn.o
                0x0000000020005000                _estack = (ORIGIN (RAM) + LENGTH (RAM))
                0x0000000000000200                _Min_Heap_Size = 0x200
                0x0000000000000800                _Min_Stack_Size = 0x800

.isr_vector     0x0000000008000000      0x10c
                0x0000000008000000                . = ALIGN (0x4)
 *(.isr_vector)
 .isr_vector    0x0000000008000000      0x10c Core/Startup/startup_stm32f103c8tx.o
                0x0000000008000000                g_pfnVectors
                0x000000000800010c                . = ALIGN (0x4)

.text           0x000000000800010c     0x5e30
                0x000000000800010c                . = ALIGN (0x4)
 *(.text)
 .text          0x000000000800010c       0x40 c:/st/stm32cubeide_1.6.1/stm32cubeide/plugins/com.st.stm32cube.ide.mcu.externaltools.gnu-tools-for-stm32.9-2020-q2-update.win32_1.5.0.202011040924/tools/bin/../lib/gcc/arm-none-eabi/9.3.1/thumb/v7-m/nofp/crtbegin.o
 .text          0x000000000800014c       0x10 c:/st/stm32cubeide_1.6.1/stm32cubeide/plugins/com.st.stm32cube.ide.mcu.externaltools.gnu-tools-for-stm32.9-2020-q2-update.win32_1.5.0.202011040924/tools/bin/../lib/gcc/arm-none-eabi/9.3.1/../../../../arm-none-eabi/lib/thumb/v7-m/nofp\libc_nano.a(lib_a-strlen.o)
                0x000000000800014c                strlen
 *(.text*)
 .text.spi_write
                0x000000000800015c       0x24 Core/Src/ILI9225.o
                0x000000000800015c                spi_write
 .text.lcd_write_data
                0x0000000008000180       0x5c Core/Src/ILI9225.o
                0x0000000008000180                lcd_write_data
 .text.lcd_write_command
                0x00000000080001dc       0x34 Core/Src/ILI9225.o
                0x00000000080001dc                lcd_write_command
 .text.lcd_write_register
                0x0000000008000210       0x42 Core/Src/ILI9225.o
                0x0000000008000210                lcd_write_register
 .text.swap_char
                0x0000000008000252       0x28 Core/Src/ILI9225.o
                0x0000000008000252                swap_char
 *fill*         0x000000000800027a        0x2 
 .text.lcd_init
                0x000000000800027c       0x54 Core/Src/ILI9225.o
                0x000000000800027c                lcd_init
 .text.lcd_init_command_list
                0x00000000080002d0      0x1a6 Core/Src/ILI9225.o
                0x00000000080002d0                lcd_init_command_list
 *fill*         0x0000000008000476        0x2 
 .text.fill_rectangle
                0x0000000008000478      0x124 Core/Src/ILI9225.o
                0x0000000008000478                fill_rectangle
 .text.set_draw_window
                0x000000000800059c       0x96 Core/Src/ILI9225.o
                0x000000000800059c                set_draw_window
 .text.draw_char
                0x0000000008000632       0xf8 Core/Src/ILI9225.o
                0x0000000008000632                draw_char
 .text.draw_string
                0x000000000800072a       0x8c Core/Src/ILI9225.o
                0x000000000800072a                draw_string
 .text.draw_bitmap
                0x00000000080007b6       0x90 Core/Src/ILI9225.o
                0x00000000080007b6                draw_bitmap
 *fill*         0x0000000008000846        0x2 
 .text.SwitchingModes
                0x0000000008000848      0x2c8 Core/Src/Menu.o
                0x0000000008000848                SwitchingModes
 .text.ShowingCurrentMode
                0x0000000008000b10      0x24c Core/Src/Menu.o
                0x0000000008000b10                ShowingCurrentMode
 .text.HAL_ADC_ConvCpltCallback
                0x0000000008000d5c       0x34 Core/Src/main.o
                0x0000000008000d5c                HAL_ADC_ConvCpltCallback
 .text.HAL_SPI_TxCpltCallback
                0x0000000008000d90       0x2c Core/Src/main.o
                0x0000000008000d90                HAL_SPI_TxCpltCallback
 .text.HAL_UART_RxCpltCallback
                0x0000000008000dbc       0x78 Core/Src/main.o
                0x0000000008000dbc                HAL_UART_RxCpltCallback
 .text.HAL_TIM_PeriodElapsedCallback
                0x0000000008000e34       0x40 Core/Src/main.o
                0x0000000008000e34                HAL_TIM_PeriodElapsedCallback
 .text.main     0x0000000008000e74      0x21c Core/Src/main.o
                0x0000000008000e74                main
 .text.SystemClock_Config
                0x0000000008001090       0xb4 Core/Src/main.o
                0x0000000008001090                SystemClock_Config
 .text.MX_ADC1_Init
                0x0000000008001144       0x7c Core/Src/main.o
 .text.MX_SPI2_Init
                0x00000000080011c0       0x6c Core/Src/main.o
 .text.MX_TIM3_Init
                0x000000000800122c       0x9c Core/Src/main.o
 .text.MX_TIM4_Init
                0x00000000080012c8       0xb0 Core/Src/main.o
 .text.MX_USART3_UART_Init
                0x0000000008001378       0x54 Core/Src/main.o
 .text.MX_DMA_Init
                0x00000000080013cc       0x3c Core/Src/main.o
 .text.MX_GPIO_Init
                0x0000000008001408      0x178 Core/Src/main.o
 .text.Error_Handler
                0x0000000008001580        0xa Core/Src/main.o
                0x0000000008001580                Error_Handler
 *fill*         0x000000000800158a        0x2 
 .text.HAL_MspInit
                0x000000000800158c       0x64 Core/Src/stm32f1xx_hal_msp.o
                0x000000000800158c                HAL_MspInit
 .text.HAL_ADC_MspInit
                0x00000000080015f0       0x88 Core/Src/stm32f1xx_hal_msp.o
                0x00000000080015f0                HAL_ADC_MspInit
 .text.HAL_SPI_MspInit
                0x0000000008001678       0xfc Core/Src/stm32f1xx_hal_msp.o
                0x0000000008001678                HAL_SPI_MspInit
 .text.HAL_TIM_Base_MspInit
                0x0000000008001774       0x74 Core/Src/stm32f1xx_hal_msp.o
                0x0000000008001774                HAL_TIM_Base_MspInit
 .text.HAL_UART_MspInit
                0x00000000080017e8       0xa8 Core/Src/stm32f1xx_hal_msp.o
                0x00000000080017e8                HAL_UART_MspInit
 .text.__NVIC_ClearPendingIRQ
                0x0000000008001890       0x3c Core/Src/stm32f1xx_it.o
 .text.Post_Processing_Buttons
                0x00000000080018cc       0xb8 Core/Src/stm32f1xx_it.o
                0x00000000080018cc                Post_Processing_Buttons
 .text.HAL_GPIO_EXTI_Callback
                0x0000000008001984       0xb0 Core/Src/stm32f1xx_it.o
                0x0000000008001984                HAL_GPIO_EXTI_Callback
 .text.NMI_Handler
                0x0000000008001a34        0x6 Core/Src/stm32f1xx_it.o
                0x0000000008001a34                NMI_Handler
 .text.HardFault_Handler
                0x0000000008001a3a        0x6 Core/Src/stm32f1xx_it.o
                0x0000000008001a3a                HardFault_Handler
 .text.MemManage_Handler
                0x0000000008001a40        0x6 Core/Src/stm32f1xx_it.o
                0x0000000008001a40                MemManage_Handler
 .text.BusFault_Handler
                0x0000000008001a46        0x6 Core/Src/stm32f1xx_it.o
                0x0000000008001a46                BusFault_Handler
 .text.UsageFault_Handler
                0x0000000008001a4c        0x6 Core/Src/stm32f1xx_it.o
                0x0000000008001a4c                UsageFault_Handler
 .text.SVC_Handler
                0x0000000008001a52        0xc Core/Src/stm32f1xx_it.o
                0x0000000008001a52                SVC_Handler
 .text.DebugMon_Handler
                0x0000000008001a5e        0xc Core/Src/stm32f1xx_it.o
                0x0000000008001a5e                DebugMon_Handler
 .text.PendSV_Handler
                0x0000000008001a6a        0xc Core/Src/stm32f1xx_it.o
                0x0000000008001a6a                PendSV_Handler
 .text.SysTick_Handler
                0x0000000008001a76        0xc Core/Src/stm32f1xx_it.o
                0x0000000008001a76                SysTick_Handler
 *fill*         0x0000000008001a82        0x2 
 .text.EXTI0_IRQHandler
                0x0000000008001a84       0x1c Core/Src/stm32f1xx_it.o
                0x0000000008001a84                EXTI0_IRQHandler
 .text.EXTI1_IRQHandler
                0x0000000008001aa0       0x1c Core/Src/stm32f1xx_it.o
                0x0000000008001aa0                EXTI1_IRQHandler
 .text.EXTI2_IRQHandler
                0x0000000008001abc       0x1c Core/Src/stm32f1xx_it.o
                0x0000000008001abc                EXTI2_IRQHandler
 .text.EXTI3_IRQHandler
                0x0000000008001ad8       0x1c Core/Src/stm32f1xx_it.o
                0x0000000008001ad8                EXTI3_IRQHandler
 .text.EXTI4_IRQHandler
                0x0000000008001af4       0x1c Core/Src/stm32f1xx_it.o
                0x0000000008001af4                EXTI4_IRQHandler
 .text.DMA1_Channel5_IRQHandler
                0x0000000008001b10       0x14 Core/Src/stm32f1xx_it.o
                0x0000000008001b10                DMA1_Channel5_IRQHandler
 .text.ADC1_2_IRQHandler
                0x0000000008001b24       0x14 Core/Src/stm32f1xx_it.o
                0x0000000008001b24                ADC1_2_IRQHandler
 .text.EXTI9_5_IRQHandler
                0x0000000008001b38       0xac Core/Src/stm32f1xx_it.o
                0x0000000008001b38                EXTI9_5_IRQHandler
 .text.TIM4_IRQHandler
                0x0000000008001be4       0x14 Core/Src/stm32f1xx_it.o
                0x0000000008001be4                TIM4_IRQHandler
 .text.SPI2_IRQHandler
                0x0000000008001bf8       0x14 Core/Src/stm32f1xx_it.o
                0x0000000008001bf8                SPI2_IRQHandler
 .text.USART3_IRQHandler
                0x0000000008001c0c       0x14 Core/Src/stm32f1xx_it.o
                0x0000000008001c0c                USART3_IRQHandler
 .text.EXTI15_10_IRQHandler
                0x0000000008001c20       0x50 Core/Src/stm32f1xx_it.o
                0x0000000008001c20                EXTI15_10_IRQHandler
 .text._sbrk    0x0000000008001c70       0x6c Core/Src/sysmem.o
                0x0000000008001c70                _sbrk
 .text.SystemInit
                0x0000000008001cdc        0xc Core/Src/system_stm32f1xx.o
                0x0000000008001cdc                SystemInit
 .text.Reset_Handler
                0x0000000008001ce8       0x48 Core/Startup/startup_stm32f103c8tx.o
                0x0000000008001ce8                Reset_Handler
 .text.Default_Handler
                0x0000000008001d30        0x2 Core/Startup/startup_stm32f103c8tx.o
                0x0000000008001d30                RTC_Alarm_IRQHandler
                0x0000000008001d30                TIM1_CC_IRQHandler
                0x0000000008001d30                PVD_IRQHandler
                0x0000000008001d30                I2C2_EV_IRQHandler
                0x0000000008001d30                SPI1_IRQHandler
                0x0000000008001d30                TAMPER_IRQHandler
                0x0000000008001d30                DMA1_Channel4_IRQHandler
                0x0000000008001d30                RTC_IRQHandler
                0x0000000008001d30                DMA1_Channel7_IRQHandler
                0x0000000008001d30                CAN1_RX1_IRQHandler
                0x0000000008001d30                I2C1_EV_IRQHandler
                0x0000000008001d30                DMA1_Channel6_IRQHandler
                0x0000000008001d30                TIM3_IRQHandler
                0x0000000008001d30                RCC_IRQHandler
                0x0000000008001d30                TIM1_TRG_COM_IRQHandler
                0x0000000008001d30                DMA1_Channel1_IRQHandler
                0x0000000008001d30                Default_Handler
                0x0000000008001d30                USB_LP_CAN1_RX0_IRQHandler
                0x0000000008001d30                USB_HP_CAN1_TX_IRQHandler
                0x0000000008001d30                DMA1_Channel3_IRQHandler
                0x0000000008001d30                TIM1_UP_IRQHandler
                0x0000000008001d30                WWDG_IRQHandler
                0x0000000008001d30                TIM2_IRQHandler
                0x0000000008001d30                TIM1_BRK_IRQHandler
                0x0000000008001d30                USART2_IRQHandler
                0x0000000008001d30                I2C2_ER_IRQHandler
                0x0000000008001d30                DMA1_Channel2_IRQHandler
                0x0000000008001d30                CAN1_SCE_IRQHandler
                0x0000000008001d30                FLASH_IRQHandler
                0x0000000008001d30                USART1_IRQHandler
                0x0000000008001d30                I2C1_ER_IRQHandler
                0x0000000008001d30                USBWakeUp_IRQHandler
 *fill*         0x0000000008001d32        0x2 
 .text.HAL_Init
                0x0000000008001d34       0x2c Drivers/STM32F1xx_HAL_Driver/Src/stm32f1xx_hal.o
                0x0000000008001d34                HAL_Init
 .text.HAL_InitTick
                0x0000000008001d60       0x60 Drivers/STM32F1xx_HAL_Driver/Src/stm32f1xx_hal.o
                0x0000000008001d60                HAL_InitTick
 .text.HAL_IncTick
                0x0000000008001dc0       0x24 Drivers/STM32F1xx_HAL_Driver/Src/stm32f1xx_hal.o
                0x0000000008001dc0                HAL_IncTick
 .text.HAL_GetTick
                0x0000000008001de4       0x14 Drivers/STM32F1xx_HAL_Driver/Src/stm32f1xx_hal.o
                0x0000000008001de4                HAL_GetTick
 .text.HAL_Delay
                0x0000000008001df8       0x48 Drivers/STM32F1xx_HAL_Driver/Src/stm32f1xx_hal.o
                0x0000000008001df8                HAL_Delay
 .text.HAL_ADC_Init
                0x0000000008001e40      0x1b0 Drivers/STM32F1xx_HAL_Driver/Src/stm32f1xx_hal_adc.o
                0x0000000008001e40                HAL_ADC_Init
 .text.HAL_ADC_Start_IT
                0x0000000008001ff0      0x16c Drivers/STM32F1xx_HAL_Driver/Src/stm32f1xx_hal_adc.o
                0x0000000008001ff0                HAL_ADC_Start_IT
 .text.HAL_ADC_GetValue
                0x000000000800215c       0x18 Drivers/STM32F1xx_HAL_Driver/Src/stm32f1xx_hal_adc.o
                0x000000000800215c                HAL_ADC_GetValue
 .text.HAL_ADC_IRQHandler
                0x0000000008002174      0x186 Drivers/STM32F1xx_HAL_Driver/Src/stm32f1xx_hal_adc.o
                0x0000000008002174                HAL_ADC_IRQHandler
 .text.HAL_ADC_LevelOutOfWindowCallback
                0x00000000080022fa       0x12 Drivers/STM32F1xx_HAL_Driver/Src/stm32f1xx_hal_adc.o
                0x00000000080022fa                HAL_ADC_LevelOutOfWindowCallback
 .text.HAL_ADC_ConfigChannel
                0x000000000800230c      0x1f0 Drivers/STM32F1xx_HAL_Driver/Src/stm32f1xx_hal_adc.o
                0x000000000800230c                HAL_ADC_ConfigChannel
 .text.ADC_Enable
                0x00000000080024fc       0xa4 Drivers/STM32F1xx_HAL_Driver/Src/stm32f1xx_hal_adc.o
                0x00000000080024fc                ADC_Enable
 .text.ADC_ConversionStop_Disable
                0x00000000080025a0       0x74 Drivers/STM32F1xx_HAL_Driver/Src/stm32f1xx_hal_adc.o
                0x00000000080025a0                ADC_ConversionStop_Disable
 .text.HAL_ADCEx_Calibration_Start
                0x0000000008002614      0x138 Drivers/STM32F1xx_HAL_Driver/Src/stm32f1xx_hal_adc_ex.o
                0x0000000008002614                HAL_ADCEx_Calibration_Start
 .text.HAL_ADCEx_InjectedConvCpltCallback
                0x000000000800274c       0x12 Drivers/STM32F1xx_HAL_Driver/Src/stm32f1xx_hal_adc_ex.o
                0x000000000800274c                HAL_ADCEx_InjectedConvCpltCallback
 *fill*         0x000000000800275e        0x2 
 .text.__NVIC_SetPriorityGrouping
                0x0000000008002760       0x48 Drivers/STM32F1xx_HAL_Driver/Src/stm32f1xx_hal_cortex.o
 .text.__NVIC_GetPriorityGrouping
                0x00000000080027a8       0x1c Drivers/STM32F1xx_HAL_Driver/Src/stm32f1xx_hal_cortex.o
 .text.__NVIC_EnableIRQ
                0x00000000080027c4       0x38 Drivers/STM32F1xx_HAL_Driver/Src/stm32f1xx_hal_cortex.o
 .text.__NVIC_SetPriority
                0x00000000080027fc       0x54 Drivers/STM32F1xx_HAL_Driver/Src/stm32f1xx_hal_cortex.o
 .text.NVIC_EncodePriority
                0x0000000008002850       0x64 Drivers/STM32F1xx_HAL_Driver/Src/stm32f1xx_hal_cortex.o
 .text.SysTick_Config
                0x00000000080028b4       0x44 Drivers/STM32F1xx_HAL_Driver/Src/stm32f1xx_hal_cortex.o
 .text.HAL_NVIC_SetPriorityGrouping
                0x00000000080028f8       0x16 Drivers/STM32F1xx_HAL_Driver/Src/stm32f1xx_hal_cortex.o
                0x00000000080028f8                HAL_NVIC_SetPriorityGrouping
 .text.HAL_NVIC_SetPriority
                0x000000000800290e       0x38 Drivers/STM32F1xx_HAL_Driver/Src/stm32f1xx_hal_cortex.o
                0x000000000800290e                HAL_NVIC_SetPriority
 .text.HAL_NVIC_EnableIRQ
                0x0000000008002946       0x1c Drivers/STM32F1xx_HAL_Driver/Src/stm32f1xx_hal_cortex.o
                0x0000000008002946                HAL_NVIC_EnableIRQ
 .text.HAL_SYSTICK_Config
                0x0000000008002962       0x18 Drivers/STM32F1xx_HAL_Driver/Src/stm32f1xx_hal_cortex.o
                0x0000000008002962                HAL_SYSTICK_Config
 *fill*         0x000000000800297a        0x2 
 .text.HAL_DMA_Init
                0x000000000800297c       0xb4 Drivers/STM32F1xx_HAL_Driver/Src/stm32f1xx_hal_dma.o
                0x000000000800297c                HAL_DMA_Init
 .text.HAL_DMA_Start_IT
                0x0000000008002a30       0xbe Drivers/STM32F1xx_HAL_Driver/Src/stm32f1xx_hal_dma.o
                0x0000000008002a30                HAL_DMA_Start_IT
 *fill*         0x0000000008002aee        0x2 
 .text.HAL_DMA_Abort_IT
                0x0000000008002af0       0xec Drivers/STM32F1xx_HAL_Driver/Src/stm32f1xx_hal_dma.o
                0x0000000008002af0                HAL_DMA_Abort_IT
 .text.HAL_DMA_IRQHandler
                0x0000000008002bdc      0x20c Drivers/STM32F1xx_HAL_Driver/Src/stm32f1xx_hal_dma.o
                0x0000000008002bdc                HAL_DMA_IRQHandler
 .text.DMA_SetConfig
                0x0000000008002de8       0x5a Drivers/STM32F1xx_HAL_Driver/Src/stm32f1xx_hal_dma.o
 *fill*         0x0000000008002e42        0x2 
 .text.HAL_GPIO_Init
                0x0000000008002e44      0x308 Drivers/STM32F1xx_HAL_Driver/Src/stm32f1xx_hal_gpio.o
                0x0000000008002e44                HAL_GPIO_Init
 .text.HAL_GPIO_ReadPin
                0x000000000800314c       0x2e Drivers/STM32F1xx_HAL_Driver/Src/stm32f1xx_hal_gpio.o
                0x000000000800314c                HAL_GPIO_ReadPin
 .text.HAL_GPIO_WritePin
                0x000000000800317a       0x30 Drivers/STM32F1xx_HAL_Driver/Src/stm32f1xx_hal_gpio.o
                0x000000000800317a                HAL_GPIO_WritePin
 *fill*         0x00000000080031aa        0x2 
 .text.HAL_GPIO_EXTI_IRQHandler
                0x00000000080031ac       0x30 Drivers/STM32F1xx_HAL_Driver/Src/stm32f1xx_hal_gpio.o
                0x00000000080031ac                HAL_GPIO_EXTI_IRQHandler
 .text.HAL_RCC_OscConfig
                0x00000000080031dc      0x500 Drivers/STM32F1xx_HAL_Driver/Src/stm32f1xx_hal_rcc.o
                0x00000000080031dc                HAL_RCC_OscConfig
 .text.HAL_RCC_ClockConfig
                0x00000000080036dc      0x1d4 Drivers/STM32F1xx_HAL_Driver/Src/stm32f1xx_hal_rcc.o
                0x00000000080036dc                HAL_RCC_ClockConfig
 .text.HAL_RCC_GetSysClockFreq
                0x00000000080038b0       0xc0 Drivers/STM32F1xx_HAL_Driver/Src/stm32f1xx_hal_rcc.o
                0x00000000080038b0                HAL_RCC_GetSysClockFreq
 .text.HAL_RCC_GetHCLKFreq
                0x0000000008003970       0x14 Drivers/STM32F1xx_HAL_Driver/Src/stm32f1xx_hal_rcc.o
                0x0000000008003970                HAL_RCC_GetHCLKFreq
 .text.HAL_RCC_GetPCLK1Freq
                0x0000000008003984       0x28 Drivers/STM32F1xx_HAL_Driver/Src/stm32f1xx_hal_rcc.o
                0x0000000008003984                HAL_RCC_GetPCLK1Freq
 .text.HAL_RCC_GetPCLK2Freq
                0x00000000080039ac       0x28 Drivers/STM32F1xx_HAL_Driver/Src/stm32f1xx_hal_rcc.o
                0x00000000080039ac                HAL_RCC_GetPCLK2Freq
 .text.RCC_Delay
                0x00000000080039d4       0x3c Drivers/STM32F1xx_HAL_Driver/Src/stm32f1xx_hal_rcc.o
 .text.HAL_RCCEx_PeriphCLKConfig
                0x0000000008003a10      0x16c Drivers/STM32F1xx_HAL_Driver/Src/stm32f1xx_hal_rcc_ex.o
                0x0000000008003a10                HAL_RCCEx_PeriphCLKConfig
 .text.HAL_RCCEx_GetPeriphCLKFreq
                0x0000000008003b7c      0x188 Drivers/STM32F1xx_HAL_Driver/Src/stm32f1xx_hal_rcc_ex.o
                0x0000000008003b7c                HAL_RCCEx_GetPeriphCLKFreq
 .text.HAL_SPI_Init
                0x0000000008003d04      0x108 Drivers/STM32F1xx_HAL_Driver/Src/stm32f1xx_hal_spi.o
                0x0000000008003d04                HAL_SPI_Init
 .text.HAL_SPI_Transmit_DMA
                0x0000000008003e0c      0x16c Drivers/STM32F1xx_HAL_Driver/Src/stm32f1xx_hal_spi.o
                0x0000000008003e0c                HAL_SPI_Transmit_DMA
 .text.HAL_SPI_IRQHandler
                0x0000000008003f78      0x1cc Drivers/STM32F1xx_HAL_Driver/Src/stm32f1xx_hal_spi.o
                0x0000000008003f78                HAL_SPI_IRQHandler
 .text.HAL_SPI_TxHalfCpltCallback
                0x0000000008004144       0x12 Drivers/STM32F1xx_HAL_Driver/Src/stm32f1xx_hal_spi.o
                0x0000000008004144                HAL_SPI_TxHalfCpltCallback
 .text.HAL_SPI_ErrorCallback
                0x0000000008004156       0x12 Drivers/STM32F1xx_HAL_Driver/Src/stm32f1xx_hal_spi.o
                0x0000000008004156                HAL_SPI_ErrorCallback
 .text.SPI_DMATransmitCplt
                0x0000000008004168       0xa6 Drivers/STM32F1xx_HAL_Driver/Src/stm32f1xx_hal_spi.o
 .text.SPI_DMAHalfTransmitCplt
                0x000000000800420e       0x1c Drivers/STM32F1xx_HAL_Driver/Src/stm32f1xx_hal_spi.o
 .text.SPI_DMAError
                0x000000000800422a       0x40 Drivers/STM32F1xx_HAL_Driver/Src/stm32f1xx_hal_spi.o
 .text.SPI_DMAAbortOnError
                0x000000000800426a       0x28 Drivers/STM32F1xx_HAL_Driver/Src/stm32f1xx_hal_spi.o
 *fill*         0x0000000008004292        0x2 
 .text.SPI_WaitFlagStateUntilTimeout
                0x0000000008004294      0x110 Drivers/STM32F1xx_HAL_Driver/Src/stm32f1xx_hal_spi.o
 .text.SPI_EndRxTxTransaction
                0x00000000080043a4       0x3c Drivers/STM32F1xx_HAL_Driver/Src/stm32f1xx_hal_spi.o
 .text.HAL_TIM_Base_Init
                0x00000000080043e0       0x9e Drivers/STM32F1xx_HAL_Driver/Src/stm32f1xx_hal_tim.o
                0x00000000080043e0                HAL_TIM_Base_Init
 *fill*         0x000000000800447e        0x2 
 .text.HAL_TIM_Base_Start
                0x0000000008004480       0x94 Drivers/STM32F1xx_HAL_Driver/Src/stm32f1xx_hal_tim.o
                0x0000000008004480                HAL_TIM_Base_Start
 .text.HAL_TIM_Base_Stop
                0x0000000008004514       0x4c Drivers/STM32F1xx_HAL_Driver/Src/stm32f1xx_hal_tim.o
                0x0000000008004514                HAL_TIM_Base_Stop
 .text.HAL_TIM_Base_Start_IT
                0x0000000008004560       0xa4 Drivers/STM32F1xx_HAL_Driver/Src/stm32f1xx_hal_tim.o
                0x0000000008004560                HAL_TIM_Base_Start_IT
 .text.HAL_TIM_Base_Stop_IT
                0x0000000008004604       0x5c Drivers/STM32F1xx_HAL_Driver/Src/stm32f1xx_hal_tim.o
                0x0000000008004604                HAL_TIM_Base_Stop_IT
 .text.HAL_TIM_OnePulse_Init
                0x0000000008004660       0xa0 Drivers/STM32F1xx_HAL_Driver/Src/stm32f1xx_hal_tim.o
                0x0000000008004660                HAL_TIM_OnePulse_Init
 .text.HAL_TIM_OnePulse_MspInit
                0x0000000008004700       0x12 Drivers/STM32F1xx_HAL_Driver/Src/stm32f1xx_hal_tim.o
                0x0000000008004700                HAL_TIM_OnePulse_MspInit
 .text.HAL_TIM_IRQHandler
                0x0000000008004712      0x210 Drivers/STM32F1xx_HAL_Driver/Src/stm32f1xx_hal_tim.o
                0x0000000008004712                HAL_TIM_IRQHandler
 .text.HAL_TIM_ConfigClockSource
                0x0000000008004922      0x188 Drivers/STM32F1xx_HAL_Driver/Src/stm32f1xx_hal_tim.o
                0x0000000008004922                HAL_TIM_ConfigClockSource
 .text.HAL_TIM_OC_DelayElapsedCallback
                0x0000000008004aaa       0x12 Drivers/STM32F1xx_HAL_Driver/Src/stm32f1xx_hal_tim.o
                0x0000000008004aaa                HAL_TIM_OC_DelayElapsedCallback
 .text.HAL_TIM_IC_CaptureCallback
                0x0000000008004abc       0x12 Drivers/STM32F1xx_HAL_Driver/Src/stm32f1xx_hal_tim.o
                0x0000000008004abc                HAL_TIM_IC_CaptureCallback
 .text.HAL_TIM_PWM_PulseFinishedCallback
                0x0000000008004ace       0x12 Drivers/STM32F1xx_HAL_Driver/Src/stm32f1xx_hal_tim.o
                0x0000000008004ace                HAL_TIM_PWM_PulseFinishedCallback
 .text.HAL_TIM_TriggerCallback
                0x0000000008004ae0       0x12 Drivers/STM32F1xx_HAL_Driver/Src/stm32f1xx_hal_tim.o
                0x0000000008004ae0                HAL_TIM_TriggerCallback
 *fill*         0x0000000008004af2        0x2 
 .text.TIM_Base_SetConfig
                0x0000000008004af4       0xc4 Drivers/STM32F1xx_HAL_Driver/Src/stm32f1xx_hal_tim.o
                0x0000000008004af4                TIM_Base_SetConfig
 .text.TIM_TI1_ConfigInputStage
                0x0000000008004bb8       0x5c Drivers/STM32F1xx_HAL_Driver/Src/stm32f1xx_hal_tim.o
 .text.TIM_TI2_ConfigInputStage
                0x0000000008004c14       0x5e Drivers/STM32F1xx_HAL_Driver/Src/stm32f1xx_hal_tim.o
 .text.TIM_ITRx_SetConfig
                0x0000000008004c72       0x34 Drivers/STM32F1xx_HAL_Driver/Src/stm32f1xx_hal_tim.o
 .text.TIM_ETR_SetConfig
                0x0000000008004ca6       0x3e Drivers/STM32F1xx_HAL_Driver/Src/stm32f1xx_hal_tim.o
                0x0000000008004ca6                TIM_ETR_SetConfig
 .text.HAL_TIMEx_MasterConfigSynchronization
                0x0000000008004ce4       0xbc Drivers/STM32F1xx_HAL_Driver/Src/stm32f1xx_hal_tim_ex.o
                0x0000000008004ce4                HAL_TIMEx_MasterConfigSynchronization
 .text.HAL_TIMEx_CommutCallback
                0x0000000008004da0       0x12 Drivers/STM32F1xx_HAL_Driver/Src/stm32f1xx_hal_tim_ex.o
                0x0000000008004da0                HAL_TIMEx_CommutCallback
 .text.HAL_TIMEx_BreakCallback
                0x0000000008004db2       0x12 Drivers/STM32F1xx_HAL_Driver/Src/stm32f1xx_hal_tim_ex.o
                0x0000000008004db2                HAL_TIMEx_BreakCallback
 .text.HAL_UART_Init
                0x0000000008004dc4       0x9a Drivers/STM32F1xx_HAL_Driver/Src/stm32f1xx_hal_uart.o
                0x0000000008004dc4                HAL_UART_Init
 .text.HAL_UART_Transmit
                0x0000000008004e5e      0x124 Drivers/STM32F1xx_HAL_Driver/Src/stm32f1xx_hal_uart.o
                0x0000000008004e5e                HAL_UART_Transmit
 .text.HAL_UART_Receive_IT
                0x0000000008004f82       0xa8 Drivers/STM32F1xx_HAL_Driver/Src/stm32f1xx_hal_uart.o
                0x0000000008004f82                HAL_UART_Receive_IT
 *fill*         0x000000000800502a        0x2 
 .text.HAL_UART_IRQHandler
                0x000000000800502c      0x200 Drivers/STM32F1xx_HAL_Driver/Src/stm32f1xx_hal_uart.o
                0x000000000800502c                HAL_UART_IRQHandler
 .text.HAL_UART_TxCpltCallback
                0x000000000800522c       0x12 Drivers/STM32F1xx_HAL_Driver/Src/stm32f1xx_hal_uart.o
                0x000000000800522c                HAL_UART_TxCpltCallback
 .text.HAL_UART_ErrorCallback
                0x000000000800523e       0x12 Drivers/STM32F1xx_HAL_Driver/Src/stm32f1xx_hal_uart.o
                0x000000000800523e                HAL_UART_ErrorCallback
 .text.UART_WaitOnFlagUntilTimeout
                0x0000000008005250       0x94 Drivers/STM32F1xx_HAL_Driver/Src/stm32f1xx_hal_uart.o
 .text.UART_EndRxTransfer
                0x00000000080052e4       0x3a Drivers/STM32F1xx_HAL_Driver/Src/stm32f1xx_hal_uart.o
 .text.UART_DMAAbortOnError
                0x000000000800531e       0x28 Drivers/STM32F1xx_HAL_Driver/Src/stm32f1xx_hal_uart.o
 .text.UART_Transmit_IT
                0x0000000008005346       0x9e Drivers/STM32F1xx_HAL_Driver/Src/stm32f1xx_hal_uart.o
 .text.UART_EndTransmit_IT
                0x00000000080053e4       0x30 Drivers/STM32F1xx_HAL_Driver/Src/stm32f1xx_hal_uart.o
 .text.UART_Receive_IT
                0x0000000008005414      0x100 Drivers/STM32F1xx_HAL_Driver/Src/stm32f1xx_hal_uart.o
 .text.UART_SetConfig
                0x0000000008005514      0x11c Drivers/STM32F1xx_HAL_Driver/Src/stm32f1xx_hal_uart.o
 .text.__errno  0x0000000008005630        0xc c:/st/stm32cubeide_1.6.1/stm32cubeide/plugins/com.st.stm32cube.ide.mcu.externaltools.gnu-tools-for-stm32.9-2020-q2-update.win32_1.5.0.202011040924/tools/bin/../lib/gcc/arm-none-eabi/9.3.1/../../../../arm-none-eabi/lib/thumb/v7-m/nofp\libc_nano.a(lib_a-errno.o)
                0x0000000008005630                __errno
 .text.__libc_init_array
                0x000000000800563c       0x48 c:/st/stm32cubeide_1.6.1/stm32cubeide/plugins/com.st.stm32cube.ide.mcu.externaltools.gnu-tools-for-stm32.9-2020-q2-update.win32_1.5.0.202011040924/tools/bin/../lib/gcc/arm-none-eabi/9.3.1/../../../../arm-none-eabi/lib/thumb/v7-m/nofp\libc_nano.a(lib_a-init.o)
                0x000000000800563c                __libc_init_array
 .text.memset   0x0000000008005684       0x10 c:/st/stm32cubeide_1.6.1/stm32cubeide/plugins/com.st.stm32cube.ide.mcu.externaltools.gnu-tools-for-stm32.9-2020-q2-update.win32_1.5.0.202011040924/tools/bin/../lib/gcc/arm-none-eabi/9.3.1/../../../../arm-none-eabi/lib/thumb/v7-m/nofp\libc_nano.a(lib_a-memset.o)
                0x0000000008005684                memset
 .text.sprintf  0x0000000008005694       0x40 c:/st/stm32cubeide_1.6.1/stm32cubeide/plugins/com.st.stm32cube.ide.mcu.externaltools.gnu-tools-for-stm32.9-2020-q2-update.win32_1.5.0.202011040924/tools/bin/../lib/gcc/arm-none-eabi/9.3.1/../../../../arm-none-eabi/lib/thumb/v7-m/nofp\libc_nano.a(lib_a-sprintf.o)
                0x0000000008005694                siprintf
                0x0000000008005694                sprintf
 .text.strcat   0x00000000080056d4       0x1e c:/st/stm32cubeide_1.6.1/stm32cubeide/plugins/com.st.stm32cube.ide.mcu.externaltools.gnu-tools-for-stm32.9-2020-q2-update.win32_1.5.0.202011040924/tools/bin/../lib/gcc/arm-none-eabi/9.3.1/../../../../arm-none-eabi/lib/thumb/v7-m/nofp\libc_nano.a(lib_a-strcat.o)
                0x00000000080056d4                strcat
 .text.__ssputs_r
                0x00000000080056f2       0xb6 c:/st/stm32cubeide_1.6.1/stm32cubeide/plugins/com.st.stm32cube.ide.mcu.externaltools.gnu-tools-for-stm32.9-2020-q2-update.win32_1.5.0.202011040924/tools/bin/../lib/gcc/arm-none-eabi/9.3.1/../../../../arm-none-eabi/lib/thumb/v7-m/nofp\libc_nano.a(lib_a-nano-svfprintf.o)
                0x00000000080056f2                __ssputs_r
 .text._svfprintf_r
                0x00000000080057a8      0x200 c:/st/stm32cubeide_1.6.1/stm32cubeide/plugins/com.st.stm32cube.ide.mcu.externaltools.gnu-tools-for-stm32.9-2020-q2-update.win32_1.5.0.202011040924/tools/bin/../lib/gcc/arm-none-eabi/9.3.1/../../../../arm-none-eabi/lib/thumb/v7-m/nofp\libc_nano.a(lib_a-nano-svfprintf.o)
                0x00000000080057a8                _svfiprintf_r
                0x00000000080057a8                _svfprintf_r
 .text._printf_common
                0x00000000080059a8       0xde c:/st/stm32cubeide_1.6.1/stm32cubeide/plugins/com.st.stm32cube.ide.mcu.externaltools.gnu-tools-for-stm32.9-2020-q2-update.win32_1.5.0.202011040924/tools/bin/../lib/gcc/arm-none-eabi/9.3.1/../../../../arm-none-eabi/lib/thumb/v7-m/nofp\libc_nano.a(lib_a-nano-vfprintf_i.o)
                0x00000000080059a8                _printf_common
 *fill*         0x0000000008005a86        0x2 
 .text._printf_i
                0x0000000008005a88      0x24c c:/st/stm32cubeide_1.6.1/stm32cubeide/plugins/com.st.stm32cube.ide.mcu.externaltools.gnu-tools-for-stm32.9-2020-q2-update.win32_1.5.0.202011040924/tools/bin/../lib/gcc/arm-none-eabi/9.3.1/../../../../arm-none-eabi/lib/thumb/v7-m/nofp\libc_nano.a(lib_a-nano-vfprintf_i.o)
                0x0000000008005a88                _printf_i
 .text.memchr   0x0000000008005cd4       0x1c c:/st/stm32cubeide_1.6.1/stm32cubeide/plugins/com.st.stm32cube.ide.mcu.externaltools.gnu-tools-for-stm32.9-2020-q2-update.win32_1.5.0.202011040924/tools/bin/../lib/gcc/arm-none-eabi/9.3.1/../../../../arm-none-eabi/lib/thumb/v7-m/nofp\libc_nano.a(lib_a-memchr-stub.o)
                0x0000000008005cd4                memchr
 .text.memcpy   0x0000000008005cf0       0x1c c:/st/stm32cubeide_1.6.1/stm32cubeide/plugins/com.st.stm32cube.ide.mcu.externaltools.gnu-tools-for-stm32.9-2020-q2-update.win32_1.5.0.202011040924/tools/bin/../lib/gcc/arm-none-eabi/9.3.1/../../../../arm-none-eabi/lib/thumb/v7-m/nofp\libc_nano.a(lib_a-memcpy-stub.o)
                0x0000000008005cf0                memcpy
 .text.memmove  0x0000000008005d0c       0x34 c:/st/stm32cubeide_1.6.1/stm32cubeide/plugins/com.st.stm32cube.ide.mcu.externaltools.gnu-tools-for-stm32.9-2020-q2-update.win32_1.5.0.202011040924/tools/bin/../lib/gcc/arm-none-eabi/9.3.1/../../../../arm-none-eabi/lib/thumb/v7-m/nofp\libc_nano.a(lib_a-memmove.o)
                0x0000000008005d0c                memmove
 .text._free_r  0x0000000008005d40       0x98 c:/st/stm32cubeide_1.6.1/stm32cubeide/plugins/com.st.stm32cube.ide.mcu.externaltools.gnu-tools-for-stm32.9-2020-q2-update.win32_1.5.0.202011040924/tools/bin/../lib/gcc/arm-none-eabi/9.3.1/../../../../arm-none-eabi/lib/thumb/v7-m/nofp\libc_nano.a(lib_a-nano-freer.o)
                0x0000000008005d40                _free_r
 .text._malloc_r
                0x0000000008005dd8       0xb4 c:/st/stm32cubeide_1.6.1/stm32cubeide/plugins/com.st.stm32cube.ide.mcu.externaltools.gnu-tools-for-stm32.9-2020-q2-update.win32_1.5.0.202011040924/tools/bin/../lib/gcc/arm-none-eabi/9.3.1/../../../../arm-none-eabi/lib/thumb/v7-m/nofp\libc_nano.a(lib_a-nano-mallocr.o)
                0x0000000008005dd8                _malloc_r
 .text._realloc_r
                0x0000000008005e8c       0x4c c:/st/stm32cubeide_1.6.1/stm32cubeide/plugins/com.st.stm32cube.ide.mcu.externaltools.gnu-tools-for-stm32.9-2020-q2-update.win32_1.5.0.202011040924/tools/bin/../lib/gcc/arm-none-eabi/9.3.1/../../../../arm-none-eabi/lib/thumb/v7-m/nofp\libc_nano.a(lib_a-nano-reallocr.o)
                0x0000000008005e8c                _realloc_r
 .text._sbrk_r  0x0000000008005ed8       0x20 c:/st/stm32cubeide_1.6.1/stm32cubeide/plugins/com.st.stm32cube.ide.mcu.externaltools.gnu-tools-for-stm32.9-2020-q2-update.win32_1.5.0.202011040924/tools/bin/../lib/gcc/arm-none-eabi/9.3.1/../../../../arm-none-eabi/lib/thumb/v7-m/nofp\libc_nano.a(lib_a-sbrkr.o)
                0x0000000008005ed8                _sbrk_r
 .text.__malloc_lock
                0x0000000008005ef8        0xc c:/st/stm32cubeide_1.6.1/stm32cubeide/plugins/com.st.stm32cube.ide.mcu.externaltools.gnu-tools-for-stm32.9-2020-q2-update.win32_1.5.0.202011040924/tools/bin/../lib/gcc/arm-none-eabi/9.3.1/../../../../arm-none-eabi/lib/thumb/v7-m/nofp\libc_nano.a(lib_a-mlock.o)
                0x0000000008005ef8                __malloc_lock
 .text.__malloc_unlock
                0x0000000008005f04        0xc c:/st/stm32cubeide_1.6.1/stm32cubeide/plugins/com.st.stm32cube.ide.mcu.externaltools.gnu-tools-for-stm32.9-2020-q2-update.win32_1.5.0.202011040924/tools/bin/../lib/gcc/arm-none-eabi/9.3.1/../../../../arm-none-eabi/lib/thumb/v7-m/nofp\libc_nano.a(lib_a-mlock.o)
                0x0000000008005f04                __malloc_unlock
 .text._malloc_usable_size_r
                0x0000000008005f10       0x10 c:/st/stm32cubeide_1.6.1/stm32cubeide/plugins/com.st.stm32cube.ide.mcu.externaltools.gnu-tools-for-stm32.9-2020-q2-update.win32_1.5.0.202011040924/tools/bin/../lib/gcc/arm-none-eabi/9.3.1/../../../../arm-none-eabi/lib/thumb/v7-m/nofp\libc_nano.a(lib_a-nano-msizer.o)
                0x0000000008005f10                _malloc_usable_size_r
 .text.__retarget_lock_acquire_recursive
                0x0000000008005f20        0x2 c:/st/stm32cubeide_1.6.1/stm32cubeide/plugins/com.st.stm32cube.ide.mcu.externaltools.gnu-tools-for-stm32.9-2020-q2-update.win32_1.5.0.202011040924/tools/bin/../lib/gcc/arm-none-eabi/9.3.1/../../../../arm-none-eabi/lib/thumb/v7-m/nofp\libc_nano.a(lib_a-lock.o)
                0x0000000008005f20                __retarget_lock_acquire_recursive
 .text.__retarget_lock_release_recursive
                0x0000000008005f22        0x2 c:/st/stm32cubeide_1.6.1/stm32cubeide/plugins/com.st.stm32cube.ide.mcu.externaltools.gnu-tools-for-stm32.9-2020-q2-update.win32_1.5.0.202011040924/tools/bin/../lib/gcc/arm-none-eabi/9.3.1/../../../../arm-none-eabi/lib/thumb/v7-m/nofp\libc_nano.a(lib_a-lock.o)
                0x0000000008005f22                __retarget_lock_release_recursive
 *(.glue_7)
 .glue_7        0x0000000008005f24        0x0 linker stubs
 *(.glue_7t)
 .glue_7t       0x0000000008005f24        0x0 linker stubs
 *(.eh_frame)
 .eh_frame      0x0000000008005f24        0x0 c:/st/stm32cubeide_1.6.1/stm32cubeide/plugins/com.st.stm32cube.ide.mcu.externaltools.gnu-tools-for-stm32.9-2020-q2-update.win32_1.5.0.202011040924/tools/bin/../lib/gcc/arm-none-eabi/9.3.1/thumb/v7-m/nofp/crtbegin.o
 *(.init)
 .init          0x0000000008005f24        0x4 c:/st/stm32cubeide_1.6.1/stm32cubeide/plugins/com.st.stm32cube.ide.mcu.externaltools.gnu-tools-for-stm32.9-2020-q2-update.win32_1.5.0.202011040924/tools/bin/../lib/gcc/arm-none-eabi/9.3.1/thumb/v7-m/nofp/crti.o
                0x0000000008005f24                _init
 .init          0x0000000008005f28        0x8 c:/st/stm32cubeide_1.6.1/stm32cubeide/plugins/com.st.stm32cube.ide.mcu.externaltools.gnu-tools-for-stm32.9-2020-q2-update.win32_1.5.0.202011040924/tools/bin/../lib/gcc/arm-none-eabi/9.3.1/thumb/v7-m/nofp/crtn.o
 *(.fini)
 .fini          0x0000000008005f30        0x4 c:/st/stm32cubeide_1.6.1/stm32cubeide/plugins/com.st.stm32cube.ide.mcu.externaltools.gnu-tools-for-stm32.9-2020-q2-update.win32_1.5.0.202011040924/tools/bin/../lib/gcc/arm-none-eabi/9.3.1/thumb/v7-m/nofp/crti.o
                0x0000000008005f30                _fini
 .fini          0x0000000008005f34        0x8 c:/st/stm32cubeide_1.6.1/stm32cubeide/plugins/com.st.stm32cube.ide.mcu.externaltools.gnu-tools-for-stm32.9-2020-q2-update.win32_1.5.0.202011040924/tools/bin/../lib/gcc/arm-none-eabi/9.3.1/thumb/v7-m/nofp/crtn.o
                0x0000000008005f3c                . = ALIGN (0x4)
                0x0000000008005f3c                _etext = .

.vfp11_veneer   0x0000000008005f3c        0x0
 .vfp11_veneer  0x0000000008005f3c        0x0 linker stubs

.v4_bx          0x0000000008005f3c        0x0
 .v4_bx         0x0000000008005f3c        0x0 linker stubs

.iplt           0x0000000008005f3c        0x0
 .iplt          0x0000000008005f3c        0x0 c:/st/stm32cubeide_1.6.1/stm32cubeide/plugins/com.st.stm32cube.ide.mcu.externaltools.gnu-tools-for-stm32.9-2020-q2-update.win32_1.5.0.202011040924/tools/bin/../lib/gcc/arm-none-eabi/9.3.1/thumb/v7-m/nofp/crtbegin.o

.rodata         0x0000000008005f3c      0xa90
                0x0000000008005f3c                . = ALIGN (0x4)
 *(.rodata)
 .rodata        0x0000000008005f3c       0x45 Core/Src/Menu.o
 *fill*         0x0000000008005f81        0x3 
 .rodata        0x0000000008005f84        0x6 Core/Src/main.o
 *fill*         0x0000000008005f8a        0x2 
 .rodata        0x0000000008005f8c        0x9 Core/Src/stm32f1xx_it.o
 *fill*         0x0000000008005f95        0x3 
 .rodata        0x0000000008005f98       0x10 Drivers/STM32F1xx_HAL_Driver/Src/stm32f1xx_hal_rcc.o
 .rodata        0x0000000008005fa8       0x10 Drivers/STM32F1xx_HAL_Driver/Src/stm32f1xx_hal_rcc_ex.o
 *(.rodata*)
 .rodata.Up_PTR
                0x0000000008005fb8       0x8c Core/Src/Menu.o
 .rodata.Down_PTR
                0x0000000008006044       0x8c Core/Src/Menu.o
 .rodata.Timers_cube
                0x00000000080060d0       0x10 Core/Src/Menu.o
                0x00000000080060d0                Timers_cube
 .rodata.Font7x10
                0x00000000080060e0      0x76c Core/Src/fonts.o
 .rodata.lightning_bmp
                0x000000000800684c       0x8c Core/Src/main.o
                0x000000000800684c                lightning_bmp
 .rodata.BL_Bmp
                0x00000000080068d8       0xa8 Core/Src/main.o
                0x00000000080068d8                BL_Bmp
 .rodata.AHBPrescTable
                0x0000000008006980       0x10 Core/Src/system_stm32f1xx.o
                0x0000000008006980                AHBPrescTable
 .rodata.APBPrescTable
                0x0000000008006990        0x8 Core/Src/system_stm32f1xx.o
                0x0000000008006990                APBPrescTable
 .rodata._svfprintf_r.str1.1
                0x0000000008006998       0x11 c:/st/stm32cubeide_1.6.1/stm32cubeide/plugins/com.st.stm32cube.ide.mcu.externaltools.gnu-tools-for-stm32.9-2020-q2-update.win32_1.5.0.202011040924/tools/bin/../lib/gcc/arm-none-eabi/9.3.1/../../../../arm-none-eabi/lib/thumb/v7-m/nofp\libc_nano.a(lib_a-nano-svfprintf.o)
 .rodata._printf_i.str1.1
                0x00000000080069a9       0x22 c:/st/stm32cubeide_1.6.1/stm32cubeide/plugins/com.st.stm32cube.ide.mcu.externaltools.gnu-tools-for-stm32.9-2020-q2-update.win32_1.5.0.202011040924/tools/bin/../lib/gcc/arm-none-eabi/9.3.1/../../../../arm-none-eabi/lib/thumb/v7-m/nofp\libc_nano.a(lib_a-nano-vfprintf_i.o)
                0x00000000080069cc                . = ALIGN (0x4)
 *fill*         0x00000000080069cb        0x1 

.rel.dyn        0x00000000080069cc        0x0
 .rel.iplt      0x00000000080069cc        0x0 c:/st/stm32cubeide_1.6.1/stm32cubeide/plugins/com.st.stm32cube.ide.mcu.externaltools.gnu-tools-for-stm32.9-2020-q2-update.win32_1.5.0.202011040924/tools/bin/../lib/gcc/arm-none-eabi/9.3.1/thumb/v7-m/nofp/crtbegin.o

.ARM.extab      0x00000000080069cc        0x0
                0x00000000080069cc                . = ALIGN (0x4)
 *(.ARM.extab* .gnu.linkonce.armextab.*)
                0x00000000080069cc                . = ALIGN (0x4)

.ARM            0x00000000080069cc        0x0
                0x00000000080069cc                . = ALIGN (0x4)
                0x00000000080069cc                __exidx_start = .
 *(.ARM.exidx*)
                0x00000000080069cc                __exidx_end = .
                0x00000000080069cc                . = ALIGN (0x4)

.preinit_array  0x00000000080069cc        0x0
                0x00000000080069cc                . = ALIGN (0x4)
                0x00000000080069cc                PROVIDE (__preinit_array_start = .)
 *(.preinit_array*)
                0x00000000080069cc                PROVIDE (__preinit_array_end = .)
                0x00000000080069cc                . = ALIGN (0x4)

.init_array     0x00000000080069cc        0x4
                0x00000000080069cc                . = ALIGN (0x4)
                0x00000000080069cc                PROVIDE (__init_array_start = .)
 *(SORT_BY_NAME(.init_array.*))
 *(.init_array*)
 .init_array    0x00000000080069cc        0x4 c:/st/stm32cubeide_1.6.1/stm32cubeide/plugins/com.st.stm32cube.ide.mcu.externaltools.gnu-tools-for-stm32.9-2020-q2-update.win32_1.5.0.202011040924/tools/bin/../lib/gcc/arm-none-eabi/9.3.1/thumb/v7-m/nofp/crtbegin.o
                0x00000000080069d0                PROVIDE (__init_array_end = .)
                0x00000000080069d0                . = ALIGN (0x4)

.fini_array     0x00000000080069d0        0x4
                0x00000000080069d0                . = ALIGN (0x4)
                [!provide]                        PROVIDE (__fini_array_start = .)
 *(SORT_BY_NAME(.fini_array.*))
 *(.fini_array*)
 .fini_array    0x00000000080069d0        0x4 c:/st/stm32cubeide_1.6.1/stm32cubeide/plugins/com.st.stm32cube.ide.mcu.externaltools.gnu-tools-for-stm32.9-2020-q2-update.win32_1.5.0.202011040924/tools/bin/../lib/gcc/arm-none-eabi/9.3.1/thumb/v7-m/nofp/crtbegin.o
                [!provide]                        PROVIDE (__fini_array_end = .)
                0x00000000080069d4                . = ALIGN (0x4)
                0x00000000080069d4                _sidata = LOADADDR (.data)

.data           0x0000000020000000      0x18c load address 0x00000000080069d4
                0x0000000020000000                . = ALIGN (0x4)
                0x0000000020000000                _sdata = .
 *(.data)
 *(.data*)
 .data.IsModeSwithced
                0x0000000020000000        0x1 Core/Src/Menu.o
                0x0000000020000000                IsModeSwithced
 .data.CurrentMode
                0x0000000020000001        0x1 Core/Src/Menu.o
                0x0000000020000001                CurrentMode
 .data.Speed    0x0000000020000002        0x2 Core/Src/Menu.o
                0x0000000020000002                Speed
 .data.ModesStrings
                0x0000000020000004      0x10e Core/Src/Menu.o
                0x0000000020000004                ModesStrings
 *fill*         0x0000000020000112        0x2 
 .data.Font_7x10
                0x0000000020000114        0x8 Core/Src/fonts.o
                0x0000000020000114                Font_7x10
 .data.SystemCoreClock
                0x000000002000011c        0x4 Core/Src/system_stm32f1xx.o
                0x000000002000011c                SystemCoreClock
 .data.uwTickPrio
                0x0000000020000120        0x4 Drivers/STM32F1xx_HAL_Driver/Src/stm32f1xx_hal.o
                0x0000000020000120                uwTickPrio
 .data.uwTickFreq
                0x0000000020000124        0x1 Drivers/STM32F1xx_HAL_Driver/Src/stm32f1xx_hal.o
                0x0000000020000124                uwTickFreq
 *fill*         0x0000000020000125        0x3 
 .data._impure_ptr
                0x0000000020000128        0x4 c:/st/stm32cubeide_1.6.1/stm32cubeide/plugins/com.st.stm32cube.ide.mcu.externaltools.gnu-tools-for-stm32.9-2020-q2-update.win32_1.5.0.202011040924/tools/bin/../lib/gcc/arm-none-eabi/9.3.1/../../../../arm-none-eabi/lib/thumb/v7-m/nofp\libc_nano.a(lib_a-impure.o)
                0x0000000020000128                _impure_ptr
 .data.impure_data
                0x000000002000012c       0x60 c:/st/stm32cubeide_1.6.1/stm32cubeide/plugins/com.st.stm32cube.ide.mcu.externaltools.gnu-tools-for-stm32.9-2020-q2-update.win32_1.5.0.202011040924/tools/bin/../lib/gcc/arm-none-eabi/9.3.1/../../../../arm-none-eabi/lib/thumb/v7-m/nofp\libc_nano.a(lib_a-impure.o)
 *(.RamFunc)
 *(.RamFunc*)
                0x000000002000018c                . = ALIGN (0x4)
                0x000000002000018c                _edata = .

.igot.plt       0x000000002000018c        0x0 load address 0x0000000008006b60
 .igot.plt      0x000000002000018c        0x0 c:/st/stm32cubeide_1.6.1/stm32cubeide/plugins/com.st.stm32cube.ide.mcu.externaltools.gnu-tools-for-stm32.9-2020-q2-update.win32_1.5.0.202011040924/tools/bin/../lib/gcc/arm-none-eabi/9.3.1/thumb/v7-m/nofp/crtbegin.o
                0x000000002000018c                . = ALIGN (0x4)

.bss            0x000000002000018c      0x23c load address 0x0000000008006b60
                0x000000002000018c                _sbss = .
                0x000000002000018c                __bss_start__ = _sbss
 *(.bss)
 .bss           0x000000002000018c       0x1c c:/st/stm32cubeide_1.6.1/stm32cubeide/plugins/com.st.stm32cube.ide.mcu.externaltools.gnu-tools-for-stm32.9-2020-q2-update.win32_1.5.0.202011040924/tools/bin/../lib/gcc/arm-none-eabi/9.3.1/thumb/v7-m/nofp/crtbegin.o
 *(.bss*)
 .bss.RecievedMode
                0x00000000200001a8        0x1 Core/Src/main.o
                0x00000000200001a8                RecievedMode
 .bss.IsModeRxd
                0x00000000200001a9        0x1 Core/Src/main.o
                0x00000000200001a9                IsModeRxd
 .bss.DrawBTbmp
                0x00000000200001aa        0x1 Core/Src/main.o
                0x00000000200001aa                DrawBTbmp
 .bss.g_DrawChrgBmp
                0x00000000200001ab        0x1 Core/Src/main.o
                0x00000000200001ab                g_DrawChrgBmp
 .bss.SynchroFlag
                0x00000000200001ac        0x1 Core/Src/main.o
                0x00000000200001ac                SynchroFlag
 .bss.ADC_Flag  0x00000000200001ad        0x1 Core/Src/main.o
                0x00000000200001ad                ADC_Flag
 .bss.MenuMode  0x00000000200001ae        0x1 Core/Src/main.o
                0x00000000200001ae                MenuMode
 *fill*         0x00000000200001af        0x1 
 .bss.buttFlags
                0x00000000200001b0        0x2 Core/Src/stm32f1xx_it.o
                0x00000000200001b0                buttFlags
 .bss.IsButtonsPressed
                0x00000000200001b2        0x2 Core/Src/stm32f1xx_it.o
                0x00000000200001b2                IsButtonsPressed
 .bss.__sbrk_heap_end
                0x00000000200001b4        0x4 Core/Src/sysmem.o
 .bss.__malloc_free_list
                0x00000000200001b8        0x4 c:/st/stm32cubeide_1.6.1/stm32cubeide/plugins/com.st.stm32cube.ide.mcu.externaltools.gnu-tools-for-stm32.9-2020-q2-update.win32_1.5.0.202011040924/tools/bin/../lib/gcc/arm-none-eabi/9.3.1/../../../../arm-none-eabi/lib/thumb/v7-m/nofp\libc_nano.a(lib_a-nano-mallocr.o)
                0x00000000200001b8                __malloc_free_list
 .bss.__malloc_sbrk_start
                0x00000000200001bc        0x4 c:/st/stm32cubeide_1.6.1/stm32cubeide/plugins/com.st.stm32cube.ide.mcu.externaltools.gnu-tools-for-stm32.9-2020-q2-update.win32_1.5.0.202011040924/tools/bin/../lib/gcc/arm-none-eabi/9.3.1/../../../../arm-none-eabi/lib/thumb/v7-m/nofp\libc_nano.a(lib_a-nano-mallocr.o)
                0x00000000200001bc                __malloc_sbrk_start
 *(COMMON)
 COMMON         0x00000000200001c0      0x1d0 Core/Src/main.o
                0x00000000200001c0                hspi2
                0x0000000020000218                htim4
                0x0000000020000260                huart3
                0x00000000200002a0                htim3
                0x00000000200002e8                hadc1
                0x0000000020000318                ChargePercentOutString
                0x000000002000034c                hdma_spi2_tx
 COMMON         0x0000000020000390       0x24 Core/Src/stm32f1xx_it.o
                0x0000000020000390                IntTimeIRQ
 COMMON         0x00000000200003b4        0x4 Drivers/STM32F1xx_HAL_Driver/Src/stm32f1xx_hal.o
                0x00000000200003b4                uwTick
 COMMON         0x00000000200003b8        0x4 c:/st/stm32cubeide_1.6.1/stm32cubeide/plugins/com.st.stm32cube.ide.mcu.externaltools.gnu-tools-for-stm32.9-2020-q2-update.win32_1.5.0.202011040924/tools/bin/../lib/gcc/arm-none-eabi/9.3.1/../../../../arm-none-eabi/lib/thumb/v7-m/nofp\libc_nano.a(lib_a-reent.o)
                0x00000000200003b8                errno
 COMMON         0x00000000200003bc        0x9 c:/st/stm32cubeide_1.6.1/stm32cubeide/plugins/com.st.stm32cube.ide.mcu.externaltools.gnu-tools-for-stm32.9-2020-q2-update.win32_1.5.0.202011040924/tools/bin/../lib/gcc/arm-none-eabi/9.3.1/../../../../arm-none-eabi/lib/thumb/v7-m/nofp\libc_nano.a(lib_a-lock.o)
                0x00000000200003bc                __lock___atexit_recursive_mutex
                0x00000000200003bd                __lock___arc4random_mutex
                0x00000000200003be                __lock___env_recursive_mutex
                0x00000000200003bf                __lock___sinit_recursive_mutex
                0x00000000200003c0                __lock___malloc_recursive_mutex
                0x00000000200003c1                __lock___at_quick_exit_mutex
                0x00000000200003c2                __lock___dd_hash_mutex
                0x00000000200003c3                __lock___tz_mutex
                0x00000000200003c4                __lock___sfp_recursive_mutex
                0x00000000200003c8                . = ALIGN (0x4)
 *fill*         0x00000000200003c5        0x3 
                0x00000000200003c8                _ebss = .
                0x00000000200003c8                __bss_end__ = _ebss

._user_heap_stack
                0x00000000200003c8      0xa00 load address 0x0000000008006b60
                0x00000000200003c8                . = ALIGN (0x8)
                [!provide]                        PROVIDE (end = .)
                0x00000000200003c8                PROVIDE (_end = .)
                0x00000000200005c8                . = (. + _Min_Heap_Size)
 *fill*         0x00000000200003c8      0x200 
                0x0000000020000dc8                . = (. + _Min_Stack_Size)
 *fill*         0x00000000200005c8      0x800 
                0x0000000020000dc8                . = ALIGN (0x8)

/DISCARD/
 libc.a(*)
 libm.a(*)
 libgcc.a(*)

.ARM.attributes
                0x0000000000000000       0x29
 *(.ARM.attributes)
 .ARM.attributes
                0x0000000000000000       0x1d c:/st/stm32cubeide_1.6.1/stm32cubeide/plugins/com.st.stm32cube.ide.mcu.externaltools.gnu-tools-for-stm32.9-2020-q2-update.win32_1.5.0.202011040924/tools/bin/../lib/gcc/arm-none-eabi/9.3.1/thumb/v7-m/nofp/crti.o
 .ARM.attributes
                0x000000000000001d       0x2d c:/st/stm32cubeide_1.6.1/stm32cubeide/plugins/com.st.stm32cube.ide.mcu.externaltools.gnu-tools-for-stm32.9-2020-q2-update.win32_1.5.0.202011040924/tools/bin/../lib/gcc/arm-none-eabi/9.3.1/thumb/v7-m/nofp/crtbegin.o
 .ARM.attributes
                0x000000000000004a       0x2d Core/Src/ILI9225.o
 .ARM.attributes
                0x0000000000000077       0x2d Core/Src/Menu.o
 .ARM.attributes
                0x00000000000000a4       0x33 Core/Src/fonts.o
 .ARM.attributes
                0x00000000000000d7       0x2d Core/Src/main.o
 .ARM.attributes
                0x0000000000000104       0x2d Core/Src/stm32f1xx_hal_msp.o
 .ARM.attributes
                0x0000000000000131       0x2d Core/Src/stm32f1xx_it.o
 .ARM.attributes
                0x000000000000015e       0x2d Core/Src/sysmem.o
 .ARM.attributes
                0x000000000000018b       0x2d Core/Src/system_stm32f1xx.o
 .ARM.attributes
                0x00000000000001b8       0x21 Core/Startup/startup_stm32f103c8tx.o
 .ARM.attributes
                0x00000000000001d9       0x2d Drivers/STM32F1xx_HAL_Driver/Src/stm32f1xx_hal.o
 .ARM.attributes
                0x0000000000000206       0x2d Drivers/STM32F1xx_HAL_Driver/Src/stm32f1xx_hal_adc.o
 .ARM.attributes
                0x0000000000000233       0x2d Drivers/STM32F1xx_HAL_Driver/Src/stm32f1xx_hal_adc_ex.o
 .ARM.attributes
                0x0000000000000260       0x2d Drivers/STM32F1xx_HAL_Driver/Src/stm32f1xx_hal_cortex.o
 .ARM.attributes
                0x000000000000028d       0x2d Drivers/STM32F1xx_HAL_Driver/Src/stm32f1xx_hal_dma.o
 .ARM.attributes
                0x00000000000002ba       0x2d Drivers/STM32F1xx_HAL_Driver/Src/stm32f1xx_hal_gpio.o
 .ARM.attributes
                0x00000000000002e7       0x2d Drivers/STM32F1xx_HAL_Driver/Src/stm32f1xx_hal_rcc.o
 .ARM.attributes
                0x0000000000000314       0x2d Drivers/STM32F1xx_HAL_Driver/Src/stm32f1xx_hal_rcc_ex.o
 .ARM.attributes
                0x0000000000000341       0x2d Drivers/STM32F1xx_HAL_Driver/Src/stm32f1xx_hal_spi.o
 .ARM.attributes
                0x000000000000036e       0x2d Drivers/STM32F1xx_HAL_Driver/Src/stm32f1xx_hal_tim.o
 .ARM.attributes
                0x000000000000039b       0x2d Drivers/STM32F1xx_HAL_Driver/Src/stm32f1xx_hal_tim_ex.o
 .ARM.attributes
                0x00000000000003c8       0x2d Drivers/STM32F1xx_HAL_Driver/Src/stm32f1xx_hal_uart.o
 .ARM.attributes
                0x00000000000003f5       0x2d c:/st/stm32cubeide_1.6.1/stm32cubeide/plugins/com.st.stm32cube.ide.mcu.externaltools.gnu-tools-for-stm32.9-2020-q2-update.win32_1.5.0.202011040924/tools/bin/../lib/gcc/arm-none-eabi/9.3.1/../../../../arm-none-eabi/lib/thumb/v7-m/nofp\libc_nano.a(lib_a-errno.o)
 .ARM.attributes
                0x0000000000000422       0x2d c:/st/stm32cubeide_1.6.1/stm32cubeide/plugins/com.st.stm32cube.ide.mcu.externaltools.gnu-tools-for-stm32.9-2020-q2-update.win32_1.5.0.202011040924/tools/bin/../lib/gcc/arm-none-eabi/9.3.1/../../../../arm-none-eabi/lib/thumb/v7-m/nofp\libc_nano.a(lib_a-impure.o)
 .ARM.attributes
                0x000000000000044f       0x2d c:/st/stm32cubeide_1.6.1/stm32cubeide/plugins/com.st.stm32cube.ide.mcu.externaltools.gnu-tools-for-stm32.9-2020-q2-update.win32_1.5.0.202011040924/tools/bin/../lib/gcc/arm-none-eabi/9.3.1/../../../../arm-none-eabi/lib/thumb/v7-m/nofp\libc_nano.a(lib_a-init.o)
 .ARM.attributes
                0x000000000000047c       0x2d c:/st/stm32cubeide_1.6.1/stm32cubeide/plugins/com.st.stm32cube.ide.mcu.externaltools.gnu-tools-for-stm32.9-2020-q2-update.win32_1.5.0.202011040924/tools/bin/../lib/gcc/arm-none-eabi/9.3.1/../../../../arm-none-eabi/lib/thumb/v7-m/nofp\libc_nano.a(lib_a-memset.o)
 .ARM.attributes
                0x00000000000004a9       0x2d c:/st/stm32cubeide_1.6.1/stm32cubeide/plugins/com.st.stm32cube.ide.mcu.externaltools.gnu-tools-for-stm32.9-2020-q2-update.win32_1.5.0.202011040924/tools/bin/../lib/gcc/arm-none-eabi/9.3.1/../../../../arm-none-eabi/lib/thumb/v7-m/nofp\libc_nano.a(lib_a-sprintf.o)
 .ARM.attributes
                0x00000000000004d6       0x2d c:/st/stm32cubeide_1.6.1/stm32cubeide/plugins/com.st.stm32cube.ide.mcu.externaltools.gnu-tools-for-stm32.9-2020-q2-update.win32_1.5.0.202011040924/tools/bin/../lib/gcc/arm-none-eabi/9.3.1/../../../../arm-none-eabi/lib/thumb/v7-m/nofp\libc_nano.a(lib_a-strcat.o)
 .ARM.attributes
                0x0000000000000503       0x17 c:/st/stm32cubeide_1.6.1/stm32cubeide/plugins/com.st.stm32cube.ide.mcu.externaltools.gnu-tools-for-stm32.9-2020-q2-update.win32_1.5.0.202011040924/tools/bin/../lib/gcc/arm-none-eabi/9.3.1/../../../../arm-none-eabi/lib/thumb/v7-m/nofp\libc_nano.a(lib_a-strlen.o)
 .ARM.attributes
                0x000000000000051a       0x2d c:/st/stm32cubeide_1.6.1/stm32cubeide/plugins/com.st.stm32cube.ide.mcu.externaltools.gnu-tools-for-stm32.9-2020-q2-update.win32_1.5.0.202011040924/tools/bin/../lib/gcc/arm-none-eabi/9.3.1/../../../../arm-none-eabi/lib/thumb/v7-m/nofp\libc_nano.a(lib_a-nano-svfprintf.o)
 .ARM.attributes
                0x0000000000000547       0x2d c:/st/stm32cubeide_1.6.1/stm32cubeide/plugins/com.st.stm32cube.ide.mcu.externaltools.gnu-tools-for-stm32.9-2020-q2-update.win32_1.5.0.202011040924/tools/bin/../lib/gcc/arm-none-eabi/9.3.1/../../../../arm-none-eabi/lib/thumb/v7-m/nofp\libc_nano.a(lib_a-nano-vfprintf_i.o)
 .ARM.attributes
                0x0000000000000574       0x2d c:/st/stm32cubeide_1.6.1/stm32cubeide/plugins/com.st.stm32cube.ide.mcu.externaltools.gnu-tools-for-stm32.9-2020-q2-update.win32_1.5.0.202011040924/tools/bin/../lib/gcc/arm-none-eabi/9.3.1/../../../../arm-none-eabi/lib/thumb/v7-m/nofp\libc_nano.a(lib_a-memchr-stub.o)
 .ARM.attributes
                0x00000000000005a1       0x2d c:/st/stm32cubeide_1.6.1/stm32cubeide/plugins/com.st.stm32cube.ide.mcu.externaltools.gnu-tools-for-stm32.9-2020-q2-update.win32_1.5.0.202011040924/tools/bin/../lib/gcc/arm-none-eabi/9.3.1/../../../../arm-none-eabi/lib/thumb/v7-m/nofp\libc_nano.a(lib_a-memcpy-stub.o)
 .ARM.attributes
                0x00000000000005ce       0x2d c:/st/stm32cubeide_1.6.1/stm32cubeide/plugins/com.st.stm32cube.ide.mcu.externaltools.gnu-tools-for-stm32.9-2020-q2-update.win32_1.5.0.202011040924/tools/bin/../lib/gcc/arm-none-eabi/9.3.1/../../../../arm-none-eabi/lib/thumb/v7-m/nofp\libc_nano.a(lib_a-memmove.o)
 .ARM.attributes
                0x00000000000005fb       0x2d c:/st/stm32cubeide_1.6.1/stm32cubeide/plugins/com.st.stm32cube.ide.mcu.externaltools.gnu-tools-for-stm32.9-2020-q2-update.win32_1.5.0.202011040924/tools/bin/../lib/gcc/arm-none-eabi/9.3.1/../../../../arm-none-eabi/lib/thumb/v7-m/nofp\libc_nano.a(lib_a-nano-freer.o)
 .ARM.attributes
                0x0000000000000628       0x2d c:/st/stm32cubeide_1.6.1/stm32cubeide/plugins/com.st.stm32cube.ide.mcu.externaltools.gnu-tools-for-stm32.9-2020-q2-update.win32_1.5.0.202011040924/tools/bin/../lib/gcc/arm-none-eabi/9.3.1/../../../../arm-none-eabi/lib/thumb/v7-m/nofp\libc_nano.a(lib_a-nano-mallocr.o)
 .ARM.attributes
                0x0000000000000655       0x2d c:/st/stm32cubeide_1.6.1/stm32cubeide/plugins/com.st.stm32cube.ide.mcu.externaltools.gnu-tools-for-stm32.9-2020-q2-update.win32_1.5.0.202011040924/tools/bin/../lib/gcc/arm-none-eabi/9.3.1/../../../../arm-none-eabi/lib/thumb/v7-m/nofp\libc_nano.a(lib_a-nano-reallocr.o)
 .ARM.attributes
                0x0000000000000682       0x2d c:/st/stm32cubeide_1.6.1/stm32cubeide/plugins/com.st.stm32cube.ide.mcu.externaltools.gnu-tools-for-stm32.9-2020-q2-update.win32_1.5.0.202011040924/tools/bin/../lib/gcc/arm-none-eabi/9.3.1/../../../../arm-none-eabi/lib/thumb/v7-m/nofp\libc_nano.a(lib_a-sbrkr.o)
 .ARM.attributes
                0x00000000000006af       0x2d c:/st/stm32cubeide_1.6.1/stm32cubeide/plugins/com.st.stm32cube.ide.mcu.externaltools.gnu-tools-for-stm32.9-2020-q2-update.win32_1.5.0.202011040924/tools/bin/../lib/gcc/arm-none-eabi/9.3.1/../../../../arm-none-eabi/lib/thumb/v7-m/nofp\libc_nano.a(lib_a-mlock.o)
 .ARM.attributes
                0x00000000000006dc       0x2d c:/st/stm32cubeide_1.6.1/stm32cubeide/plugins/com.st.stm32cube.ide.mcu.externaltools.gnu-tools-for-stm32.9-2020-q2-update.win32_1.5.0.202011040924/tools/bin/../lib/gcc/arm-none-eabi/9.3.1/../../../../arm-none-eabi/lib/thumb/v7-m/nofp\libc_nano.a(lib_a-nano-msizer.o)
 .ARM.attributes
                0x0000000000000709       0x2d c:/st/stm32cubeide_1.6.1/stm32cubeide/plugins/com.st.stm32cube.ide.mcu.externaltools.gnu-tools-for-stm32.9-2020-q2-update.win32_1.5.0.202011040924/tools/bin/../lib/gcc/arm-none-eabi/9.3.1/../../../../arm-none-eabi/lib/thumb/v7-m/nofp\libc_nano.a(lib_a-reent.o)
 .ARM.attributes
                0x0000000000000736       0x2d c:/st/stm32cubeide_1.6.1/stm32cubeide/plugins/com.st.stm32cube.ide.mcu.externaltools.gnu-tools-for-stm32.9-2020-q2-update.win32_1.5.0.202011040924/tools/bin/../lib/gcc/arm-none-eabi/9.3.1/../../../../arm-none-eabi/lib/thumb/v7-m/nofp\libc_nano.a(lib_a-lock.o)
 .ARM.attributes
                0x0000000000000763       0x1d c:/st/stm32cubeide_1.6.1/stm32cubeide/plugins/com.st.stm32cube.ide.mcu.externaltools.gnu-tools-for-stm32.9-2020-q2-update.win32_1.5.0.202011040924/tools/bin/../lib/gcc/arm-none-eabi/9.3.1/thumb/v7-m/nofp/crtn.o
OUTPUT(JoystickNew.elf elf32-littlearm)
LOAD linker stubs
LOAD c:/st/stm32cubeide_1.6.1/stm32cubeide/plugins/com.st.stm32cube.ide.mcu.externaltools.gnu-tools-for-stm32.9-2020-q2-update.win32_1.5.0.202011040924/tools/bin/../lib/gcc/arm-none-eabi/9.3.1/../../../../arm-none-eabi/lib/thumb/v7-m/nofp\libc.a
LOAD c:/st/stm32cubeide_1.6.1/stm32cubeide/plugins/com.st.stm32cube.ide.mcu.externaltools.gnu-tools-for-stm32.9-2020-q2-update.win32_1.5.0.202011040924/tools/bin/../lib/gcc/arm-none-eabi/9.3.1/../../../../arm-none-eabi/lib/thumb/v7-m/nofp\libm.a
LOAD c:/st/stm32cubeide_1.6.1/stm32cubeide/plugins/com.st.stm32cube.ide.mcu.externaltools.gnu-tools-for-stm32.9-2020-q2-update.win32_1.5.0.202011040924/tools/bin/../lib/gcc/arm-none-eabi/9.3.1/thumb/v7-m/nofp\libgcc.a

.debug_info     0x0000000000000000    0x1391b
 .debug_info    0x0000000000000000      0xc5e Core/Src/ILI9225.o
 .debug_info    0x0000000000000c5e     0x11ee Core/Src/Menu.o
 .debug_info    0x0000000000001e4c      0x1ae Core/Src/fonts.o
 .debug_info    0x0000000000001ffa     0x217f Core/Src/main.o
 .debug_info    0x0000000000004179     0x1d1c Core/Src/stm32f1xx_hal_msp.o
 .debug_info    0x0000000000005e95     0x1d91 Core/Src/stm32f1xx_it.o
 .debug_info    0x0000000000007c26      0xa25 Core/Src/sysmem.o
 .debug_info    0x000000000000864b      0x2be Core/Src/system_stm32f1xx.o
 .debug_info    0x0000000000008909       0x22 Core/Startup/startup_stm32f103c8tx.o
 .debug_info    0x000000000000892b      0x76a Drivers/STM32F1xx_HAL_Driver/Src/stm32f1xx_hal.o
 .debug_info    0x0000000000009095      0xd2d Drivers/STM32F1xx_HAL_Driver/Src/stm32f1xx_hal_adc.o
 .debug_info    0x0000000000009dc2      0xaa7 Drivers/STM32F1xx_HAL_Driver/Src/stm32f1xx_hal_adc_ex.o
 .debug_info    0x000000000000a869      0xbdc Drivers/STM32F1xx_HAL_Driver/Src/stm32f1xx_hal_cortex.o
 .debug_info    0x000000000000b445      0x81e Drivers/STM32F1xx_HAL_Driver/Src/stm32f1xx_hal_dma.o
 .debug_info    0x000000000000bc63      0x701 Drivers/STM32F1xx_HAL_Driver/Src/stm32f1xx_hal_gpio.o
 .debug_info    0x000000000000c364      0x88e Drivers/STM32F1xx_HAL_Driver/Src/stm32f1xx_hal_rcc.o
 .debug_info    0x000000000000cbf2      0x480 Drivers/STM32F1xx_HAL_Driver/Src/stm32f1xx_hal_rcc_ex.o
 .debug_info    0x000000000000d072     0x16af Drivers/STM32F1xx_HAL_Driver/Src/stm32f1xx_hal_spi.o
 .debug_info    0x000000000000e721     0x2a43 Drivers/STM32F1xx_HAL_Driver/Src/stm32f1xx_hal_tim.o
 .debug_info    0x0000000000011164     0x1495 Drivers/STM32F1xx_HAL_Driver/Src/stm32f1xx_hal_tim_ex.o
 .debug_info    0x00000000000125f9     0x1322 Drivers/STM32F1xx_HAL_Driver/Src/stm32f1xx_hal_uart.o

.debug_abbrev   0x0000000000000000     0x2bd2
 .debug_abbrev  0x0000000000000000      0x26d Core/Src/ILI9225.o
 .debug_abbrev  0x000000000000026d      0x229 Core/Src/Menu.o
 .debug_abbrev  0x0000000000000496       0xad Core/Src/fonts.o
 .debug_abbrev  0x0000000000000543      0x321 Core/Src/main.o
 .debug_abbrev  0x0000000000000864      0x272 Core/Src/stm32f1xx_hal_msp.o
 .debug_abbrev  0x0000000000000ad6      0x30b Core/Src/stm32f1xx_it.o
 .debug_abbrev  0x0000000000000de1      0x1bf Core/Src/sysmem.o
 .debug_abbrev  0x0000000000000fa0      0x14e Core/Src/system_stm32f1xx.o
 .debug_abbrev  0x00000000000010ee       0x12 Core/Startup/startup_stm32f103c8tx.o
 .debug_abbrev  0x0000000000001100      0x1ed Drivers/STM32F1xx_HAL_Driver/Src/stm32f1xx_hal.o
 .debug_abbrev  0x00000000000012ed      0x1fb Drivers/STM32F1xx_HAL_Driver/Src/stm32f1xx_hal_adc.o
 .debug_abbrev  0x00000000000014e8      0x21f Drivers/STM32F1xx_HAL_Driver/Src/stm32f1xx_hal_adc_ex.o
 .debug_abbrev  0x0000000000001707      0x313 Drivers/STM32F1xx_HAL_Driver/Src/stm32f1xx_hal_cortex.o
 .debug_abbrev  0x0000000000001a1a      0x228 Drivers/STM32F1xx_HAL_Driver/Src/stm32f1xx_hal_dma.o
 .debug_abbrev  0x0000000000001c42      0x1e8 Drivers/STM32F1xx_HAL_Driver/Src/stm32f1xx_hal_gpio.o
 .debug_abbrev  0x0000000000001e2a      0x273 Drivers/STM32F1xx_HAL_Driver/Src/stm32f1xx_hal_rcc.o
 .debug_abbrev  0x000000000000209d      0x193 Drivers/STM32F1xx_HAL_Driver/Src/stm32f1xx_hal_rcc_ex.o
 .debug_abbrev  0x0000000000002230      0x26e Drivers/STM32F1xx_HAL_Driver/Src/stm32f1xx_hal_spi.o
 .debug_abbrev  0x000000000000249e      0x25e Drivers/STM32F1xx_HAL_Driver/Src/stm32f1xx_hal_tim.o
 .debug_abbrev  0x00000000000026fc      0x266 Drivers/STM32F1xx_HAL_Driver/Src/stm32f1xx_hal_tim_ex.o
 .debug_abbrev  0x0000000000002962      0x270 Drivers/STM32F1xx_HAL_Driver/Src/stm32f1xx_hal_uart.o

.debug_aranges  0x0000000000000000     0x10b8
 .debug_aranges
                0x0000000000000000       0x88 Core/Src/ILI9225.o
 .debug_aranges
                0x0000000000000088       0x28 Core/Src/Menu.o
 .debug_aranges
                0x00000000000000b0       0x18 Core/Src/fonts.o
 .debug_aranges
                0x00000000000000c8       0x88 Core/Src/main.o
 .debug_aranges
                0x0000000000000150       0x60 Core/Src/stm32f1xx_hal_msp.o
 .debug_aranges
                0x00000000000001b0       0xd8 Core/Src/stm32f1xx_it.o
 .debug_aranges
                0x0000000000000288       0x20 Core/Src/sysmem.o
 .debug_aranges
                0x00000000000002a8       0x28 Core/Src/system_stm32f1xx.o
 .debug_aranges
                0x00000000000002d0       0x28 Core/Startup/startup_stm32f103c8tx.o
 .debug_aranges
                0x00000000000002f8       0xe0 Drivers/STM32F1xx_HAL_Driver/Src/stm32f1xx_hal.o
 .debug_aranges
                0x00000000000003d8       0xf0 Drivers/STM32F1xx_HAL_Driver/Src/stm32f1xx_hal_adc.o
 .debug_aranges
                0x00000000000004c8       0x80 Drivers/STM32F1xx_HAL_Driver/Src/stm32f1xx_hal_adc_ex.o
 .debug_aranges
                0x0000000000000548      0x100 Drivers/STM32F1xx_HAL_Driver/Src/stm32f1xx_hal_cortex.o
 .debug_aranges
                0x0000000000000648       0x80 Drivers/STM32F1xx_HAL_Driver/Src/stm32f1xx_hal_dma.o
 .debug_aranges
                0x00000000000006c8       0x58 Drivers/STM32F1xx_HAL_Driver/Src/stm32f1xx_hal_gpio.o
 .debug_aranges
                0x0000000000000720       0x90 Drivers/STM32F1xx_HAL_Driver/Src/stm32f1xx_hal_rcc.o
 .debug_aranges
                0x00000000000007b0       0x30 Drivers/STM32F1xx_HAL_Driver/Src/stm32f1xx_hal_rcc_ex.o
 .debug_aranges
                0x00000000000007e0      0x1d0 Drivers/STM32F1xx_HAL_Driver/Src/stm32f1xx_hal_spi.o
 .debug_aranges
                0x00000000000009b0      0x3d0 Drivers/STM32F1xx_HAL_Driver/Src/stm32f1xx_hal_tim.o
 .debug_aranges
                0x0000000000000d80      0x168 Drivers/STM32F1xx_HAL_Driver/Src/stm32f1xx_hal_tim_ex.o
 .debug_aranges
                0x0000000000000ee8      0x1d0 Drivers/STM32F1xx_HAL_Driver/Src/stm32f1xx_hal_uart.o

.debug_ranges   0x0000000000000000      0xf68
 .debug_ranges  0x0000000000000000       0x78 Core/Src/ILI9225.o
 .debug_ranges  0x0000000000000078       0x18 Core/Src/Menu.o
 .debug_ranges  0x0000000000000090       0x78 Core/Src/main.o
 .debug_ranges  0x0000000000000108       0x50 Core/Src/stm32f1xx_hal_msp.o
 .debug_ranges  0x0000000000000158       0xc8 Core/Src/stm32f1xx_it.o
 .debug_ranges  0x0000000000000220       0x10 Core/Src/sysmem.o
 .debug_ranges  0x0000000000000230       0x18 Core/Src/system_stm32f1xx.o
 .debug_ranges  0x0000000000000248       0x20 Core/Startup/startup_stm32f103c8tx.o
 .debug_ranges  0x0000000000000268       0xd0 Drivers/STM32F1xx_HAL_Driver/Src/stm32f1xx_hal.o
 .debug_ranges  0x0000000000000338       0xe0 Drivers/STM32F1xx_HAL_Driver/Src/stm32f1xx_hal_adc.o
 .debug_ranges  0x0000000000000418       0x70 Drivers/STM32F1xx_HAL_Driver/Src/stm32f1xx_hal_adc_ex.o
 .debug_ranges  0x0000000000000488       0xf0 Drivers/STM32F1xx_HAL_Driver/Src/stm32f1xx_hal_cortex.o
 .debug_ranges  0x0000000000000578       0x70 Drivers/STM32F1xx_HAL_Driver/Src/stm32f1xx_hal_dma.o
 .debug_ranges  0x00000000000005e8       0x48 Drivers/STM32F1xx_HAL_Driver/Src/stm32f1xx_hal_gpio.o
 .debug_ranges  0x0000000000000630       0x80 Drivers/STM32F1xx_HAL_Driver/Src/stm32f1xx_hal_rcc.o
 .debug_ranges  0x00000000000006b0       0x20 Drivers/STM32F1xx_HAL_Driver/Src/stm32f1xx_hal_rcc_ex.o
 .debug_ranges  0x00000000000006d0      0x1c0 Drivers/STM32F1xx_HAL_Driver/Src/stm32f1xx_hal_spi.o
 .debug_ranges  0x0000000000000890      0x3c0 Drivers/STM32F1xx_HAL_Driver/Src/stm32f1xx_hal_tim.o
 .debug_ranges  0x0000000000000c50      0x158 Drivers/STM32F1xx_HAL_Driver/Src/stm32f1xx_hal_tim_ex.o
 .debug_ranges  0x0000000000000da8      0x1c0 Drivers/STM32F1xx_HAL_Driver/Src/stm32f1xx_hal_uart.o

.debug_macro    0x0000000000000000    0x198d5
 .debug_macro   0x0000000000000000      0x1e0 Core/Src/ILI9225.o
 .debug_macro   0x00000000000001e0      0xa9c Core/Src/ILI9225.o
 .debug_macro   0x0000000000000c7c       0x22 Core/Src/ILI9225.o
 .debug_macro   0x0000000000000c9e       0x8e Core/Src/ILI9225.o
 .debug_macro   0x0000000000000d2c       0x51 Core/Src/ILI9225.o
 .debug_macro   0x0000000000000d7d      0x103 Core/Src/ILI9225.o
 .debug_macro   0x0000000000000e80       0x6a Core/Src/ILI9225.o
 .debug_macro   0x0000000000000eea      0x1df Core/Src/ILI9225.o
 .debug_macro   0x00000000000010c9      0x22d Core/Src/ILI9225.o
 .debug_macro   0x00000000000012f6       0x2e Core/Src/ILI9225.o
 .debug_macro   0x0000000000001324       0x22 Core/Src/ILI9225.o
 .debug_macro   0x0000000000001346       0x1c Core/Src/ILI9225.o
 .debug_macro   0x0000000000001362       0x22 Core/Src/ILI9225.o
 .debug_macro   0x0000000000001384       0xc3 Core/Src/ILI9225.o
 .debug_macro   0x0000000000001447      0xd23 Core/Src/ILI9225.o
 .debug_macro   0x000000000000216a     0xe097 Core/Src/ILI9225.o
 .debug_macro   0x0000000000010201       0x43 Core/Src/ILI9225.o
 .debug_macro   0x0000000000010244     0x3468 Core/Src/ILI9225.o
 .debug_macro   0x00000000000136ac      0x174 Core/Src/ILI9225.o
 .debug_macro   0x0000000000013820       0x5c Core/Src/ILI9225.o
 .debug_macro   0x000000000001387c      0x5be Core/Src/ILI9225.o
 .debug_macro   0x0000000000013e3a      0x289 Core/Src/ILI9225.o
 .debug_macro   0x00000000000140c3      0x1cb Core/Src/ILI9225.o
 .debug_macro   0x000000000001428e      0x114 Core/Src/ILI9225.o
 .debug_macro   0x00000000000143a2      0x1b2 Core/Src/ILI9225.o
 .debug_macro   0x0000000000014554       0x27 Core/Src/ILI9225.o
 .debug_macro   0x000000000001457b      0x136 Core/Src/ILI9225.o
 .debug_macro   0x00000000000146b1      0x1bc Core/Src/ILI9225.o
 .debug_macro   0x000000000001486d       0x34 Core/Src/ILI9225.o
 .debug_macro   0x00000000000148a1       0x3c Core/Src/ILI9225.o
 .debug_macro   0x00000000000148dd       0x57 Core/Src/ILI9225.o
 .debug_macro   0x0000000000014934      0x46a Core/Src/ILI9225.o
 .debug_macro   0x0000000000014d9e      0x1b5 Core/Src/ILI9225.o
 .debug_macro   0x0000000000014f53       0x88 Core/Src/ILI9225.o
 .debug_macro   0x0000000000014fdb      0x241 Core/Src/ILI9225.o
 .debug_macro   0x000000000001521c      0x141 Core/Src/ILI9225.o
 .debug_macro   0x000000000001535d      0x217 Core/Src/ILI9225.o
 .debug_macro   0x0000000000015574      0x8d1 Core/Src/ILI9225.o
 .debug_macro   0x0000000000015e45      0x26b Core/Src/ILI9225.o
 .debug_macro   0x00000000000160b0       0x83 Core/Src/ILI9225.o
 .debug_macro   0x0000000000016133      0x245 Core/Src/ILI9225.o
 .debug_macro   0x0000000000016378      0x38f Core/Src/Menu.o
 .debug_macro   0x0000000000016707       0x52 Core/Src/Menu.o
 .debug_macro   0x0000000000016759       0x18 Core/Src/Menu.o
 .debug_macro   0x0000000000016771       0x3c Core/Src/Menu.o
 .debug_macro   0x00000000000167ad       0x34 Core/Src/Menu.o
 .debug_macro   0x00000000000167e1       0x16 Core/Src/Menu.o
 .debug_macro   0x00000000000167f7       0x43 Core/Src/Menu.o
 .debug_macro   0x000000000001683a       0x34 Core/Src/Menu.o
 .debug_macro   0x000000000001686e       0x10 Core/Src/Menu.o
 .debug_macro   0x000000000001687e       0x58 Core/Src/Menu.o
 .debug_macro   0x00000000000168d6       0x71 Core/Src/Menu.o
 .debug_macro   0x0000000000016947       0x1c Core/Src/Menu.o
 .debug_macro   0x0000000000016963      0x12a Core/Src/Menu.o
 .debug_macro   0x0000000000016a8d      0x333 Core/Src/Menu.o
 .debug_macro   0x0000000000016dc0       0x10 Core/Src/Menu.o
 .debug_macro   0x0000000000016dd0       0x35 Core/Src/Menu.o
 .debug_macro   0x0000000000016e05       0x20 Core/Src/Menu.o
 .debug_macro   0x0000000000016e25       0x1c Core/Src/Menu.o
 .debug_macro   0x0000000000016e41       0x10 Core/Src/Menu.o
 .debug_macro   0x0000000000016e51       0x10 Core/Src/Menu.o
 .debug_macro   0x0000000000016e61       0x1c Core/Src/Menu.o
 .debug_macro   0x0000000000016e7d       0x52 Core/Src/Menu.o
 .debug_macro   0x0000000000016ecf       0x22 Core/Src/Menu.o
 .debug_macro   0x0000000000016ef1       0x10 Core/Src/Menu.o
 .debug_macro   0x0000000000016f01       0x40 Core/Src/Menu.o
 .debug_macro   0x0000000000016f41       0xd5 Core/Src/Menu.o
 .debug_macro   0x0000000000017016       0x1c Core/Src/Menu.o
 .debug_macro   0x0000000000017032       0x3d Core/Src/Menu.o
 .debug_macro   0x000000000001706f       0x16 Core/Src/Menu.o
 .debug_macro   0x0000000000017085      0x145 Core/Src/Menu.o
 .debug_macro   0x00000000000171ca       0x10 Core/Src/Menu.o
 .debug_macro   0x00000000000171da       0xe8 Core/Src/Menu.o
 .debug_macro   0x00000000000172c2       0x6d Core/Src/fonts.o
 .debug_macro   0x000000000001732f      0x3a7 Core/Src/main.o
 .debug_macro   0x00000000000176d6      0x387 Core/Src/stm32f1xx_hal_msp.o
 .debug_macro   0x0000000000017a5d      0x397 Core/Src/stm32f1xx_it.o
 .debug_macro   0x0000000000017df4       0xff Core/Src/sysmem.o
 .debug_macro   0x0000000000017ef3      0x23b Core/Src/sysmem.o
 .debug_macro   0x000000000001812e      0x1c1 Core/Src/system_stm32f1xx.o
 .debug_macro   0x00000000000182ef      0x1e5 Drivers/STM32F1xx_HAL_Driver/Src/stm32f1xx_hal.o
 .debug_macro   0x00000000000184d4      0x1de Drivers/STM32F1xx_HAL_Driver/Src/stm32f1xx_hal_adc.o
 .debug_macro   0x00000000000186b2      0x1d3 Drivers/STM32F1xx_HAL_Driver/Src/stm32f1xx_hal_adc_ex.o
 .debug_macro   0x0000000000018885      0x1c1 Drivers/STM32F1xx_HAL_Driver/Src/stm32f1xx_hal_cortex.o
 .debug_macro   0x0000000000018a46      0x1c1 Drivers/STM32F1xx_HAL_Driver/Src/stm32f1xx_hal_dma.o
 .debug_macro   0x0000000000018c07      0x22c Drivers/STM32F1xx_HAL_Driver/Src/stm32f1xx_hal_gpio.o
 .debug_macro   0x0000000000018e33      0x1d3 Drivers/STM32F1xx_HAL_Driver/Src/stm32f1xx_hal_rcc.o
 .debug_macro   0x0000000000019006      0x1c1 Drivers/STM32F1xx_HAL_Driver/Src/stm32f1xx_hal_rcc_ex.o
 .debug_macro   0x00000000000191c7      0x1c9 Drivers/STM32F1xx_HAL_Driver/Src/stm32f1xx_hal_spi.o
 .debug_macro   0x0000000000019390      0x1c2 Drivers/STM32F1xx_HAL_Driver/Src/stm32f1xx_hal_tim.o
 .debug_macro   0x0000000000019552      0x1c1 Drivers/STM32F1xx_HAL_Driver/Src/stm32f1xx_hal_tim_ex.o
 .debug_macro   0x0000000000019713      0x1c2 Drivers/STM32F1xx_HAL_Driver/Src/stm32f1xx_hal_uart.o

.debug_line     0x0000000000000000    0x1291f
 .debug_line    0x0000000000000000      0xa04 Core/Src/ILI9225.o
 .debug_line    0x0000000000000a04      0xb22 Core/Src/Menu.o
 .debug_line    0x0000000000001526      0x38a Core/Src/fonts.o
 .debug_line    0x00000000000018b0      0xc95 Core/Src/main.o
 .debug_line    0x0000000000002545      0xa6e Core/Src/stm32f1xx_hal_msp.o
 .debug_line    0x0000000000002fb3      0xc5f Core/Src/stm32f1xx_it.o
 .debug_line    0x0000000000003c12      0x4f8 Core/Src/sysmem.o
 .debug_line    0x000000000000410a      0x743 Core/Src/system_stm32f1xx.o
 .debug_line    0x000000000000484d       0x84 Core/Startup/startup_stm32f103c8tx.o
 .debug_line    0x00000000000048d1      0x970 Drivers/STM32F1xx_HAL_Driver/Src/stm32f1xx_hal.o
 .debug_line    0x0000000000005241      0xfd0 Drivers/STM32F1xx_HAL_Driver/Src/stm32f1xx_hal_adc.o
 .debug_line    0x0000000000006211      0xd1d Drivers/STM32F1xx_HAL_Driver/Src/stm32f1xx_hal_adc_ex.o
 .debug_line    0x0000000000006f2e      0xb58 Drivers/STM32F1xx_HAL_Driver/Src/stm32f1xx_hal_cortex.o
 .debug_line    0x0000000000007a86      0xdc8 Drivers/STM32F1xx_HAL_Driver/Src/stm32f1xx_hal_dma.o
 .debug_line    0x000000000000884e      0xa07 Drivers/STM32F1xx_HAL_Driver/Src/stm32f1xx_hal_gpio.o
 .debug_line    0x0000000000009255      0xd7e Drivers/STM32F1xx_HAL_Driver/Src/stm32f1xx_hal_rcc.o
 .debug_line    0x0000000000009fd3      0x8bc Drivers/STM32F1xx_HAL_Driver/Src/stm32f1xx_hal_rcc_ex.o
 .debug_line    0x000000000000a88f     0x1be8 Drivers/STM32F1xx_HAL_Driver/Src/stm32f1xx_hal_spi.o
 .debug_line    0x000000000000c477     0x3318 Drivers/STM32F1xx_HAL_Driver/Src/stm32f1xx_hal_tim.o
 .debug_line    0x000000000000f78f     0x1a16 Drivers/STM32F1xx_HAL_Driver/Src/stm32f1xx_hal_tim_ex.o
 .debug_line    0x00000000000111a5     0x177a Drivers/STM32F1xx_HAL_Driver/Src/stm32f1xx_hal_uart.o

.debug_str      0x0000000000000000    0x92293
 .debug_str     0x0000000000000000    0x897c3 Core/Src/ILI9225.o
                                      0x89b69 (size before relaxing)
 .debug_str     0x00000000000897c3     0x452c Core/Src/Menu.o
                                      0x8df9b (size before relaxing)
 .debug_str     0x000000000008dcef       0x31 Core/Src/fonts.o
                                       0x3d23 (size before relaxing)
 .debug_str     0x000000000008dd20      0xbb4 Core/Src/main.o
                                      0x8ece2 (size before relaxing)
 .debug_str     0x000000000008e8d4       0xf8 Core/Src/stm32f1xx_hal_msp.o
                                      0x8e879 (size before relaxing)
 .debug_str     0x000000000008e9cc      0x273 Core/Src/stm32f1xx_it.o
                                      0x8e9d6 (size before relaxing)
 .debug_str     0x000000000008ec3f      0x4e9 Core/Src/sysmem.o
                                       0x626c (size before relaxing)
 .debug_str     0x000000000008f128       0x52 Core/Src/system_stm32f1xx.o
                                      0x88dc4 (size before relaxing)
 .debug_str     0x000000000008f17a       0x36 Core/Startup/startup_stm32f103c8tx.o
                                         0x80 (size before relaxing)
 .debug_str     0x000000000008f1b0      0x2fa Drivers/STM32F1xx_HAL_Driver/Src/stm32f1xx_hal.o
                                      0x89455 (size before relaxing)
 .debug_str     0x000000000008f4aa      0x33e Drivers/STM32F1xx_HAL_Driver/Src/stm32f1xx_hal_adc.o
                                      0x89454 (size before relaxing)
 .debug_str     0x000000000008f7e8      0x2fb Drivers/STM32F1xx_HAL_Driver/Src/stm32f1xx_hal_adc_ex.o
                                      0x89409 (size before relaxing)
 .debug_str     0x000000000008fae3      0x29d Drivers/STM32F1xx_HAL_Driver/Src/stm32f1xx_hal_cortex.o
                                      0x8945d (size before relaxing)
 .debug_str     0x000000000008fd80      0x230 Drivers/STM32F1xx_HAL_Driver/Src/stm32f1xx_hal_dma.o
                                      0x8919f (size before relaxing)
 .debug_str     0x000000000008ffb0      0x2e2 Drivers/STM32F1xx_HAL_Driver/Src/stm32f1xx_hal_gpio.o
                                      0x89188 (size before relaxing)
 .debug_str     0x0000000000090292      0x24f Drivers/STM32F1xx_HAL_Driver/Src/stm32f1xx_hal_rcc.o
                                      0x891c1 (size before relaxing)
 .debug_str     0x00000000000904e1       0xb9 Drivers/STM32F1xx_HAL_Driver/Src/stm32f1xx_hal_rcc_ex.o
                                      0x88f4e (size before relaxing)
 .debug_str     0x000000000009059a      0x527 Drivers/STM32F1xx_HAL_Driver/Src/stm32f1xx_hal_spi.o
                                      0x896c9 (size before relaxing)
 .debug_str     0x0000000000090ac1      0xdb5 Drivers/STM32F1xx_HAL_Driver/Src/stm32f1xx_hal_tim.o
                                      0x8a193 (size before relaxing)
 .debug_str     0x0000000000091876      0x517 Drivers/STM32F1xx_HAL_Driver/Src/stm32f1xx_hal_tim_ex.o
                                      0x8996d (size before relaxing)
 .debug_str     0x0000000000091d8d      0x506 Drivers/STM32F1xx_HAL_Driver/Src/stm32f1xx_hal_uart.o
                                      0x896c7 (size before relaxing)

.comment        0x0000000000000000       0x53
 .comment       0x0000000000000000       0x53 Core/Src/ILI9225.o
                                         0x54 (size before relaxing)
 .comment       0x0000000000000053       0x54 Core/Src/Menu.o
 .comment       0x0000000000000053       0x54 Core/Src/fonts.o
 .comment       0x0000000000000053       0x54 Core/Src/main.o
 .comment       0x0000000000000053       0x54 Core/Src/stm32f1xx_hal_msp.o
 .comment       0x0000000000000053       0x54 Core/Src/stm32f1xx_it.o
 .comment       0x0000000000000053       0x54 Core/Src/sysmem.o
 .comment       0x0000000000000053       0x54 Core/Src/system_stm32f1xx.o
 .comment       0x0000000000000053       0x54 Drivers/STM32F1xx_HAL_Driver/Src/stm32f1xx_hal.o
 .comment       0x0000000000000053       0x54 Drivers/STM32F1xx_HAL_Driver/Src/stm32f1xx_hal_adc.o
 .comment       0x0000000000000053       0x54 Drivers/STM32F1xx_HAL_Driver/Src/stm32f1xx_hal_adc_ex.o
 .comment       0x0000000000000053       0x54 Drivers/STM32F1xx_HAL_Driver/Src/stm32f1xx_hal_cortex.o
 .comment       0x0000000000000053       0x54 Drivers/STM32F1xx_HAL_Driver/Src/stm32f1xx_hal_dma.o
 .comment       0x0000000000000053       0x54 Drivers/STM32F1xx_HAL_Driver/Src/stm32f1xx_hal_gpio.o
 .comment       0x0000000000000053       0x54 Drivers/STM32F1xx_HAL_Driver/Src/stm32f1xx_hal_rcc.o
 .comment       0x0000000000000053       0x54 Drivers/STM32F1xx_HAL_Driver/Src/stm32f1xx_hal_rcc_ex.o
 .comment       0x0000000000000053       0x54 Drivers/STM32F1xx_HAL_Driver/Src/stm32f1xx_hal_spi.o
 .comment       0x0000000000000053       0x54 Drivers/STM32F1xx_HAL_Driver/Src/stm32f1xx_hal_tim.o
 .comment       0x0000000000000053       0x54 Drivers/STM32F1xx_HAL_Driver/Src/stm32f1xx_hal_tim_ex.o
 .comment       0x0000000000000053       0x54 Drivers/STM32F1xx_HAL_Driver/Src/stm32f1xx_hal_uart.o

.debug_frame    0x0000000000000000     0x4958
 .debug_frame   0x0000000000000000      0x228 Core/Src/ILI9225.o
 .debug_frame   0x0000000000000228       0x64 Core/Src/Menu.o
 .debug_frame   0x000000000000028c      0x1e8 Core/Src/main.o
 .debug_frame   0x0000000000000474      0x158 Core/Src/stm32f1xx_hal_msp.o
 .debug_frame   0x00000000000005cc      0x2c4 Core/Src/stm32f1xx_it.o
 .debug_frame   0x0000000000000890       0x34 Core/Src/sysmem.o
 .debug_frame   0x00000000000008c4       0x58 Core/Src/system_stm32f1xx.o
 .debug_frame   0x000000000000091c      0x334 Drivers/STM32F1xx_HAL_Driver/Src/stm32f1xx_hal.o
 .debug_frame   0x0000000000000c50      0x40c Drivers/STM32F1xx_HAL_Driver/Src/stm32f1xx_hal_adc.o
 .debug_frame   0x000000000000105c      0x204 Drivers/STM32F1xx_HAL_Driver/Src/stm32f1xx_hal_adc_ex.o
 .debug_frame   0x0000000000001260      0x428 Drivers/STM32F1xx_HAL_Driver/Src/stm32f1xx_hal_cortex.o
 .debug_frame   0x0000000000001688      0x208 Drivers/STM32F1xx_HAL_Driver/Src/stm32f1xx_hal_dma.o
 .debug_frame   0x0000000000001890      0x14c Drivers/STM32F1xx_HAL_Driver/Src/stm32f1xx_hal_gpio.o
 .debug_frame   0x00000000000019dc      0x21c Drivers/STM32F1xx_HAL_Driver/Src/stm32f1xx_hal_rcc.o
 .debug_frame   0x0000000000001bf8       0x84 Drivers/STM32F1xx_HAL_Driver/Src/stm32f1xx_hal_rcc_ex.o
 .debug_frame   0x0000000000001c7c      0x824 Drivers/STM32F1xx_HAL_Driver/Src/stm32f1xx_hal_spi.o
 .debug_frame   0x00000000000024a0     0x11b8 Drivers/STM32F1xx_HAL_Driver/Src/stm32f1xx_hal_tim.o
 .debug_frame   0x0000000000003658      0x638 Drivers/STM32F1xx_HAL_Driver/Src/stm32f1xx_hal_tim_ex.o
 .debug_frame   0x0000000000003c90      0x834 Drivers/STM32F1xx_HAL_Driver/Src/stm32f1xx_hal_uart.o
 .debug_frame   0x00000000000044c4       0x20 c:/st/stm32cubeide_1.6.1/stm32cubeide/plugins/com.st.stm32cube.ide.mcu.externaltools.gnu-tools-for-stm32.9-2020-q2-update.win32_1.5.0.202011040924/tools/bin/../lib/gcc/arm-none-eabi/9.3.1/../../../../arm-none-eabi/lib/thumb/v7-m/nofp\libc_nano.a(lib_a-errno.o)
 .debug_frame   0x00000000000044e4       0x2c c:/st/stm32cubeide_1.6.1/stm32cubeide/plugins/com.st.stm32cube.ide.mcu.externaltools.gnu-tools-for-stm32.9-2020-q2-update.win32_1.5.0.202011040924/tools/bin/../lib/gcc/arm-none-eabi/9.3.1/../../../../arm-none-eabi/lib/thumb/v7-m/nofp\libc_nano.a(lib_a-init.o)
 .debug_frame   0x0000000000004510       0x20 c:/st/stm32cubeide_1.6.1/stm32cubeide/plugins/com.st.stm32cube.ide.mcu.externaltools.gnu-tools-for-stm32.9-2020-q2-update.win32_1.5.0.202011040924/tools/bin/../lib/gcc/arm-none-eabi/9.3.1/../../../../arm-none-eabi/lib/thumb/v7-m/nofp\libc_nano.a(lib_a-memset.o)
 .debug_frame   0x0000000000004530       0x6c c:/st/stm32cubeide_1.6.1/stm32cubeide/plugins/com.st.stm32cube.ide.mcu.externaltools.gnu-tools-for-stm32.9-2020-q2-update.win32_1.5.0.202011040924/tools/bin/../lib/gcc/arm-none-eabi/9.3.1/../../../../arm-none-eabi/lib/thumb/v7-m/nofp\libc_nano.a(lib_a-sprintf.o)
 .debug_frame   0x000000000000459c       0x28 c:/st/stm32cubeide_1.6.1/stm32cubeide/plugins/com.st.stm32cube.ide.mcu.externaltools.gnu-tools-for-stm32.9-2020-q2-update.win32_1.5.0.202011040924/tools/bin/../lib/gcc/arm-none-eabi/9.3.1/../../../../arm-none-eabi/lib/thumb/v7-m/nofp\libc_nano.a(lib_a-strcat.o)
 .debug_frame   0x00000000000045c4       0x90 c:/st/stm32cubeide_1.6.1/stm32cubeide/plugins/com.st.stm32cube.ide.mcu.externaltools.gnu-tools-for-stm32.9-2020-q2-update.win32_1.5.0.202011040924/tools/bin/../lib/gcc/arm-none-eabi/9.3.1/../../../../arm-none-eabi/lib/thumb/v7-m/nofp\libc_nano.a(lib_a-nano-svfprintf.o)
 .debug_frame   0x0000000000004654       0x60 c:/st/stm32cubeide_1.6.1/stm32cubeide/plugins/com.st.stm32cube.ide.mcu.externaltools.gnu-tools-for-stm32.9-2020-q2-update.win32_1.5.0.202011040924/tools/bin/../lib/gcc/arm-none-eabi/9.3.1/../../../../arm-none-eabi/lib/thumb/v7-m/nofp\libc_nano.a(lib_a-nano-vfprintf_i.o)
 .debug_frame   0x00000000000046b4       0x28 c:/st/stm32cubeide_1.6.1/stm32cubeide/plugins/com.st.stm32cube.ide.mcu.externaltools.gnu-tools-for-stm32.9-2020-q2-update.win32_1.5.0.202011040924/tools/bin/../lib/gcc/arm-none-eabi/9.3.1/../../../../arm-none-eabi/lib/thumb/v7-m/nofp\libc_nano.a(lib_a-memchr-stub.o)
 .debug_frame   0x00000000000046dc       0x28 c:/st/stm32cubeide_1.6.1/stm32cubeide/plugins/com.st.stm32cube.ide.mcu.externaltools.gnu-tools-for-stm32.9-2020-q2-update.win32_1.5.0.202011040924/tools/bin/../lib/gcc/arm-none-eabi/9.3.1/../../../../arm-none-eabi/lib/thumb/v7-m/nofp\libc_nano.a(lib_a-memcpy-stub.o)
 .debug_frame   0x0000000000004704       0x28 c:/st/stm32cubeide_1.6.1/stm32cubeide/plugins/com.st.stm32cube.ide.mcu.externaltools.gnu-tools-for-stm32.9-2020-q2-update.win32_1.5.0.202011040924/tools/bin/../lib/gcc/arm-none-eabi/9.3.1/../../../../arm-none-eabi/lib/thumb/v7-m/nofp\libc_nano.a(lib_a-memmove.o)
 .debug_frame   0x000000000000472c       0x38 c:/st/stm32cubeide_1.6.1/stm32cubeide/plugins/com.st.stm32cube.ide.mcu.externaltools.gnu-tools-for-stm32.9-2020-q2-update.win32_1.5.0.202011040924/tools/bin/../lib/gcc/arm-none-eabi/9.3.1/../../../../arm-none-eabi/lib/thumb/v7-m/nofp\libc_nano.a(lib_a-nano-freer.o)